// Jest Snapshot v1, https://goo.gl/fbAQLP

exports[`CpsTextContainer with data should render correctly 1`] = `
.emotion-2 {
  grid-column: 1 / span 6;
}

@media (max-width:25rem) {
  .emotion-2 {
    padding: 0 0.5rem;
  }
}

@media (min-width:25rem) and (max-width:62.9375rem) {
  .emotion-2 {
    padding: 0 1rem;
  }
}

@media (min-width:37.5rem) {
  .emotion-2 {
    grid-column: 1 / span 5;
    max-width: 83.33%;
  }
}

@media (min-width:63rem) and (max-width:79.9375rem) {
  .emotion-2 {
    grid-column: 3 / span 5;
    max-width: 37.75rem;
  }
}

@media (min-width:80rem) {
  .emotion-2 {
    grid-column: 6 / span 10;
    max-width: 38.5rem;
  }
}

@supports (display:grid) {
  .emotion-2 {
    max-width: initial;
  }
}

.emotion-0 {
  font-size: 0.9375rem;
  line-height: 1.25rem;
  font-family: ReithSans,Helvetica,Arial,sans-serif;
  font-weight: 400;
  font-style: normal;
  color: #3F3F42;
  padding-bottom: 1.5rem;
  margin: 0;
}

@media (min-width:20rem) and (max-width:37.4375rem) {
  .emotion-0 {
    font-size: 1rem;
    line-height: 1.375rem;
  }
}

@media (min-width:37.5rem) {
  .emotion-0 {
    font-size: 1rem;
    line-height: 1.375rem;
  }
}

.emotion-24 {
  margin-bottom: 1.5rem;
}

.emotion-22 {
  font-size: 0.9375rem;
  line-height: 1.25rem;
  font-family: ReithSans,Helvetica,Arial,sans-serif;
  font-weight: 400;
  font-style: normal;
  margin-top: 0;
  list-style-type: none;
}

@media (min-width:20rem) and (max-width:37.4375rem) {
  .emotion-22 {
    font-size: 1rem;
    line-height: 1.375rem;
  }
}

@media (min-width:37.5rem) {
  .emotion-22 {
    font-size: 1rem;
    line-height: 1.375rem;
  }
}

.emotion-22 > li {
  position: relative;
}

.emotion-22 > li::before {
  top: 0.5rem;
  content: ' ';
  position: absolute;
  border-width: 1rem;
  border: 0.1875rem solid #3F3F42;
  background-color: #3F3F42;
  border-radius: 50%;
  left: -1rem;
}

.emotion-20 {
  margin-bottom: 1rem;
}

<div>
  <div
    class="emotion-2 emotion-3"
  >
    <p
      class="emotion-0 emotion-1"
    >
      This is a 1st paragraph block.
    </p>
  </div>
  <div
    class="emotion-2 emotion-3"
  >
    <p
      class="emotion-0 emotion-1"
    >
      This is a 2nd paragraph block.
    </p>
  </div>
  <div
    class="emotion-2 emotion-3"
  >
    <p
      class="emotion-0 emotion-1"
    >
      This is a 3rd paragraph block.
    </p>
  </div>
  <div
    class="emotion-2 emotion-3"
  >
    <p
      class="emotion-0 emotion-1"
    >
      This is a 4th paragraph block..
    </p>
  </div>
  <div
    class="emotion-2 emotion-3"
  >
    <p
      class="emotion-0 emotion-1"
    >
      This is a 5th paragraph block.
    </p>
  </div>
  <div
    class="emotion-2 emotion-3"
  >
    <div
      class="emotion-24 emotion-25"
    >
      <ul
        class="emotion-22 emotion-23"
        dir="ltr"
        role="list"
      >
        <li
          class="emotion-20 emotion-21"
          role="listitem"
        >
          This is a list item
        </li>
      </ul>
    </div>
  </div>
  <div
    class="emotion-2 emotion-3"
  >
    <div
      class="emotion-24 emotion-25"
    >
      <ul
        class="emotion-22 emotion-23"
        dir="ltr"
        role="list"
      >
        <li
          class="emotion-20 emotion-21"
          role="listitem"
        >
          This is a list item
        </li>
      </ul>
    </div>
  </div>
</div>
`;
