// Jest Snapshot v1, https://goo.gl/fbAQLP

exports[`AmpIncludeContainer should render for a valid IDT2 include 1`] = `
.emotion-0 {
  grid-column: 1 / span 6;
  display: grid;
}

@media (max-width:25rem) {
  .emotion-0 {
    padding: 0 0.5rem;
  }
}

@media (min-width:25rem) and (max-width:62.9375rem) {
  .emotion-0 {
    padding: 0 1rem;
  }
}

@media (min-width:37.5rem) {
  .emotion-0 {
    grid-column: 1 / span 5;
    max-width: 83.33%;
  }
}

@media (min-width:63rem) and (max-width:79.9375rem) {
  .emotion-0 {
    grid-column: 3 / span 5;
    max-width: 37.75rem;
  }
}

@media (min-width:80rem) {
  .emotion-0 {
    grid-column: 6 / span 10;
    max-width: 38.5rem;
  }
}

@supports (display:grid) {
  .emotion-0 {
    max-width: initial;
  }
}

<div>
  <div
    class="emotion-0 emotion-1"
  >
    <amp-img
      alt="image alt text"
      attribution=""
      height="1864"
      layout="responsive"
      src="https://foobar.com/includes/image/816"
      srcset="https://foobar.com/includes/image/470 470w,https://foobar.com/includes/image/816 816w"
      width="1632"
    />
  </div>
</div>
`;

exports[`AmpIncludeContainer should return null when idt block has no imageBlock 1`] = `<div />`;
