// Jest Snapshot v1, https://goo.gl/fbAQLP

exports[`Byline should render correctly for STY pages with name and title 1`] = `
.emotion-8 {
  grid-column: 1 / span 6;
}

@media (max-width:25rem) {
  .emotion-8 {
    padding: 0 0.5rem;
  }
}

@media (min-width:25rem) and (max-width:62.9375rem) {
  .emotion-8 {
    padding: 0 1rem;
  }
}

@media (min-width:37.5rem) {
  .emotion-8 {
    grid-column: 1 / span 5;
    max-width: 83.33%;
  }
}

@media (min-width:63rem) and (max-width:79.9375rem) {
  .emotion-8 {
    grid-column: 3 / span 5;
    max-width: 37.75rem;
  }
}

@media (min-width:80rem) {
  .emotion-8 {
    grid-column: 6 / span 10;
    max-width: 38.5rem;
  }
}

@supports (display:grid) {
  .emotion-8 {
    max-width: initial;
  }
}

.emotion-6 {
  -webkit-align-items: center;
  -webkit-box-align: center;
  -ms-flex-align: center;
  align-items: center;
  display: -webkit-box;
  display: -webkit-flex;
  display: -ms-flexbox;
  display: flex;
}

.emotion-4 {
  list-style: none;
  margin-top: 0;
  margin-bottom: 0;
  padding-right: 0;
  padding-left: 0;
  font-family: Helmet,Freesans,Helvetica,Arial,sans-serif;
  font-weight: 400;
  font-style: normal;
  font-size: 0.9375rem;
  line-height: 1.125rem;
}

@media (min-width:37.5rem) {
  .emotion-4 {
    font-size: 0.875rem;
  }
}

.emotion-0 {
  color: #3F3F42;
}

.emotion-2 {
  color: #6E6E73;
}

<div>
  <div
    class="emotion-8 emotion-9"
  >
    <div
      class="emotion-6 emotion-7"
    >
      <ul
        class="emotion-4 emotion-5"
        role="list"
      >
        <li
          class="emotion-0 emotion-1"
          role="listitem"
        >
          John Smith
        </li>
        <li
          class="emotion-2 emotion-3"
          role="listitem"
        >
          Art Editor
        </li>
      </ul>
    </div>
  </div>
</div>
`;
