// Jest Snapshot v1, https://goo.gl/fbAQLP

exports[`AMP On Demand Radio Page Expired Episode I can see the 'Content is not available' placeholder 1`] = `"Konten ini sudah tidak tersedia lagi."`;

exports[`AMP On Demand Radio Page Expired Episode I can see the brand title 1`] = `"Dunia Pagi Ini"`;

exports[`AMP On Demand Radio Page Expired Episode I can see the episode summary 1`] = `"Berita terbaru dari seluruh dunia dan ulasan peristiwa dari Indonesia. Juga berita olahraga terbaru dan berbeda setiap harinya."`;

exports[`AMP On Demand Radio Page Expired Episode I can see the episode title 1`] = `"5 Maret 2020"`;

exports[`AMP On Demand Radio Page Expired Episode I can see the hero image 1`] = `"https://ichef.bbci.co.uk/images/ic/128x128/p08b4828.png"`;

exports[`AMP On Demand Radio Page Expired Episode a11y Assistive technology reads the brand and episode title as the headline 1`] = `"Dunia Pagi Ini, 5 Maret 2020"`;
