// Jest Snapshot v1, https://goo.gl/fbAQLP

exports[`Canonical Comscore Analytics  Snapshots should render comscore script when on canonical and toggle is enabled 1`] = `
<html>
  <head>
    <noscript>
      &lt;img src="https://sb.scorecardresearch.com/p?c1=2&c2=17986528&cs_ucfr=0&cv=2.0&cj=1" /&gt;
    </noscript>
    <script
      async="true"
      src="http://localhost:7080/static/js/comscore-1.0.js"
      type="text/javascript"
    />
  </head>
  <body>
    <div />
  </body>
</html>
`;
