// Jest Snapshot v1, https://goo.gl/fbAQLP

exports[`ScrollablePromo should truncate the link text if more than 3 lines 1`] = `
.emotion-0 {
  margin-bottom: 1.5rem;
  background-color: #ffffff;
  padding: 1rem;
}

@media (min-width: 0rem) {
  .emotion-0 {
    width: 237px;
  }
}

@media (min-width: 37.5rem) {
  .emotion-0 {
    width: 178px;
  }
}

@media (min-width: 63rem) {
  .emotion-0 {
    width: 205px;
  }
}

.emotion-2 {
  width: 100%;
  text-overflow: ellipsis;
  -webkit-text-decoration: none;
  text-decoration: none;
  overflow: hidden;
  display: -webkit-box;
  -webkit-line-clamp: 3;
  -webkit-box-orient: vertical;
  color: #202224;
}

.emotion-2:hover,
.emotion-2:focus {
  -webkit-text-decoration: underline;
  text-decoration: underline;
}

.emotion-2:visited {
  color: #545658;
}

<div>
  <div
    class="emotion-0 emotion-1"
  >
    <a
      class="emotion-2 emotion-3"
      href="https://www.bbc.com/mundo"
    >
      This is a very long headline. I am creating this for a test purpose. I love creating these type of tests. I really do not know what to write.
    </a>
  </div>
</div>
`;
