// Jest Snapshot v1, https://goo.gl/fbAQLP

exports[`MostWatched should render the component on Canonical 1`] = `
.c21 {
  vertical-align: middle;
  margin: 0 0.25rem;
  color: #222222;
  fill: currentColor;
  width: 0.75rem;
  height: 0.75rem;
}

.c6 {
  display: -webkit-box;
  display: -webkit-flex;
  display: -ms-flexbox;
  display: flex;
  -webkit-flex-direction: column;
  -ms-flex-direction: column;
  flex-direction: column;
}

.c7 {
  display: -webkit-box;
  display: -webkit-flex;
  display: -ms-flexbox;
  display: flex;
  -webkit-flex-flow: row nowrap;
  -ms-flex-flow: row nowrap;
  flex-flow: row nowrap;
  -webkit-box-pack: justify;
  -webkit-justify-content: space-between;
  -ms-flex-pack: justify;
  justify-content: space-between;
  min-height: 2.75rem;
  -webkit-align-items: baseline;
  -webkit-box-align: baseline;
  -ms-flex-align: baseline;
  align-items: baseline;
}

.c8 {
  font-size: 1.125rem;
  line-height: 1.375rem;
  font-family: Helmet,Freesans,Helvetica,Arial,sans-serif;
  font-weight: 400;
  font-style: normal;
  background-color: #FDFDFD;
  margin: 1rem 0;
  padding-right: 0.5rem;
  display: -webkit-box;
  display: -webkit-flex;
  display: -ms-flexbox;
  display: flex;
  -webkit-align-items: center;
  -webkit-box-align: center;
  -ms-flex-align: center;
  align-items: center;
}

.c4 {
  border-top: 0.0625rem solid #AEAEB5;
  z-index: -1;
}

.c2 {
  position: relative;
  z-index: 0;
  color: #3F3F42;
  margin-top: 2rem;
}

.c5 {
  margin: 0;
  padding: 0;
}

.c0 {
  margin: 0 auto;
  padding-bottom: 2rem;
}

.c1 {
  margin-bottom: 1rem;
}

.c3 {
  margin-top: 0;
}

.c15 {
  display: inline-block;
  vertical-align: top;
  position: relative;
  width: 33.33%;
}

.c22 {
  display: inline-block;
  vertical-align: top;
  width: 66.67%;
  padding: 0 0.5rem;
}

.c13 {
  position: relative;
}

.c16 {
  position: relative;
}

.c18 > * {
  height: 2rem;
  padding: 0.5rem 0.25rem;
}

.c25 {
  font-size: 0.875rem;
  line-height: 1.125rem;
  color: #6E6E73;
  display: block;
  font-family: Helmet,Freesans,Helvetica,Arial,sans-serif;
  font-weight: 400;
  font-style: normal;
}

.c17 {
  position: relative;
  height: 0;
  overflow: hidden;
  background-color: #ECEAE7;
  background-position: center center;
  background-repeat: no-repeat;
  background-size: 30%;
  padding-bottom: 56.25%;
  width: 100%;
  background-image: url(data:image/svg+xml;base64,PD94bWwgdmVyc2lvbj0iMS4wIiBlbmNvZGluZz0iVVRGLTgiPz48c3ZnIHdpZHRoPSI0NzkiIGhlaWdodD0iMTM2IiB4bWxucz0iaHR0cDovL3d3dy53My5vcmcvMjAwMC9zdmciPjxnIGZpbGw9Im5vbmUiIGZpbGwtcnVsZT0iZXZlbm9kZCI+PGcgZmlsbD0iI0Q1RDBDRCI+PGc+PHBhdGggZD0iTTQ0OS41NTYgOTEuNTUzbC0yLjMxIDEuNDFjLTExLjE2NyA2LjgxOC0yMy4zMTMgMTAuNDc0LTM0LjM0NiAxMC40Ny0yMy42MS0uMDktMzkuMTYzLTE0LjA4My0zOS4yMjctMzQuNDUzLjAzLTE5LjkxOCAxNi4yNy0zNC42NjMgMzguNjMzLTM0LjcxOCAxMS4zODcuMDEgMjEuNzAzIDIuOTU0IDMzLjk2MiA5LjY3MmwyLjI1MSAxLjI0di0xOC4xOWwtLjk2Mi0uMzc3Yy0xMy44MjQtNS40NTgtMjQuNTMtNy44OS0zNS4xMDMtNy44ODQtMTYuMzQ2LS4wMDYtMzAuNTMzIDUuMzk0LTQwLjYzNyAxNC41NTctMTAuMTA1IDkuMTYzLTE2LjEwNiAyMi4xMDItMTYuMDk5IDM2Ljk1My4wMDggMTAuMzQ4IDQuMjc5IDIyLjQ4IDEzLjQyIDMyLjEwNSA5LjEyMSA5LjYyOCAyMy4xNjUgMTYuNjQ4IDQyLjQzIDE2LjYzOWguMDYzYzE1Ljk4IDAgMjcuMDYyLTMuNTYzIDM3LjA3NC04LjQ5MmwuODUxLS40MTRWOTEuNTUzek0zMzQgMTM1LjY5N2gxNDQuMTk1VjBIMzM0djEzNS42OTd6Ii8+PHBhdGggZD0iTTI3Ni45MzcgODkuOTY4Yy4wNDEtMTIuMzMtOC4xNzEtMjEuNjk2LTIxLjMwOC0yNS4zIDMuNTQ0LTEuODA5IDYuMzUtNC4wMjMgOC40MDQtNi43MjcgMi43NS0zLjYyMiA0LjA2MS04LjA2NCA0LjA0Ni0xMy4yMzUuMDE1LTYuMzU5LTIuNDg2LTEyLjgzOS03Ljg1OC0xNy42ODctNS4zNzItNC44NDctMTMuNTI2LTcuOTk3LTI0LjY1NC03Ljk5MUgyMDQuODN2OTcuNzI4aDM2LjA3M2MxMi44NyAwIDIxLjkwNi0zLjQ4MiAyNy43MjItOC42NSA1LjgxOC01LjE1NSA4LjMyLTExLjkxIDguMzEyLTE4LjEzOHpNMTY3IDEzNS42OThoMTQ0LjE5N1YwSDE2N3YxMzUuNjk3eiIvPjxwYXRoIGQ9Ik0xMDkuOTM3IDg5Ljk2OGMuMDQxLTEyLjMzLTguMTcxLTIxLjY5Ni0yMS4zMDgtMjUuMyAzLjU0NC0xLjgwOSA2LjM1LTQuMDIzIDguNDA0LTYuNzI3IDIuNzUtMy42MjIgNC4wNjEtOC4wNjQgNC4wNDYtMTMuMjM1LjAxNS02LjM1OS0yLjQ4Ni0xMi44MzktNy44NTgtMTcuNjg3LTUuMzcyLTQuODQ3LTEzLjUyNi03Ljk5Ny0yNC42NTQtNy45OTFIMzcuODN2OTcuNzI4aDM2LjA3M2MxMi44NyAwIDIxLjkwNi0zLjQ4MiAyNy43MjItOC42NSA1LjgxOC01LjE1NSA4LjMyLTExLjkxIDguMzEyLTE4LjEzOHpNMCAxMzUuNjk4aDE0NC4xOTdWMEgwdjEzNS42OTd6Ii8+PHBhdGggZD0iTTI1OC42NjIgODguMTk4Yy0uMDEzIDMuMjI5LTEuMDA3IDYuNDc1LTMuODk2IDkuMDExLTIuODg0IDIuNTM3LTcuODczIDQuNDYzLTE2LjEzMyA0LjQ2M0gyMjJWNzVoMTUuODkzYzcuNDExIDAgMTIuNjcgMS41MDIgMTUuOTY1IDMuODUgMy4yODkgMi4zNjIgNC43NzYgNS40NjMgNC44MDQgOS4zNDgiLz48cGF0aCBkPSJNOTEuNjYyIDg4LjE5OGMtLjAxMyAzLjIyOS0xLjAwNyA2LjQ3NS0zLjg5NiA5LjAxMS0yLjg4NCAyLjUzNy03Ljg3NCA0LjQ2My0xNi4xMzMgNC40NjNINTVWNzVoMTUuODkyYzcuNDEyIDAgMTIuNjcyIDEuNTAyIDE1Ljk2NiAzLjg1IDMuMjg5IDIuMzYyIDQuNzc2IDUuNDYzIDQuODA0IDkuMzQ4Ii8+PHBhdGggZD0iTTI0NS4xODYgNTUuNzljMy4wOTYtMi4yMzcgNC41OS01LjM4NiA0LjYxMy0xMC4xMjQtLjAxNS0zLjI1LS45NDMtNi4wMzMtMy4yODEtOC4xMTEtMi4zNDYtMi4wNzgtNi4zMy0zLjU1NS0xMi43NTQtMy41NTVIMjIydjI1LjI3NWg4LjA3NmM2Ljk4OC4wMDQgMTEuOTk4LTEuMjQzIDE1LjExLTMuNDg2Ii8+PHBhdGggZD0iTTc4LjE4NiA1NS43OWMzLjA5Ni0yLjIzNyA0LjU5LTUuMzg2IDQuNjEzLTEwLjEyNC0uMDE1LTMuMjUtLjk0My02LjAzMy0zLjI4Mi04LjExMUM3Ny4xNzIgMzUuNDc3IDczLjE4OCAzNCA2Ni43NjQgMzRINTV2MjUuMjc1aDguMDc2YzYuOTg4LjAwNCAxMS45OTgtMS4yNDMgMTUuMTEtMy40ODYiLz48L2c+PC9nPjwvZz48L3N2Zz4K);
}

.c19 {
  color: #222222;
  background-color: #FFFFFF;
  font-family: Helmet,Freesans,Helvetica,Arial,sans-serif;
  font-weight: 400;
  font-style: normal;
  font-size: 0.75rem;
  line-height: 1rem;
  display: block;
}

.c20 {
  display: -webkit-box;
  display: -webkit-flex;
  display: -ms-flexbox;
  display: flex;
  -webkit-align-items: center;
  -webkit-box-align: center;
  -ms-flex-align: center;
  align-items: center;
  height: 100%;
}

.c11 {
  padding: 0.5rem 0 1rem;
}

.c11:last-child {
  border: none;
}

.c11:first-child {
  padding-top: 0;
}

.c11:last-child {
  padding-bottom: 0;
}

.c9 {
  list-style-type: none;
  margin: 0;
  padding: 0;
}

.c23 {
  color: #222222;
  margin: 0;
  padding-bottom: 0.5rem;
  font-family: Helmet,Freesans,Helvetica,Arial,sans-serif;
  font-weight: 700;
  font-style: normal;
  font-size: 0.9375rem;
  line-height: 1.25rem;
}

.c24 {
  position: static;
  color: #222222;
  -webkit-text-decoration: none;
  text-decoration: none;
  overflow-wrap: break-word;
  overflow-wrap: anywhere;
}

.c24:before {
  bottom: 0;
  content: '';
  left: 0;
  overflow: hidden;
  position: absolute;
  right: 0;
  top: 0;
  white-space: nowrap;
  z-index: 1;
}

.c24:hover,
.c24:focus {
  -webkit-text-decoration: underline;
  text-decoration: underline;
}

.c24:visited {
  color: #6E6E73;
}

@media (min-width:37.5rem) {
  .c7 {
    -webkit-align-items: stretch;
    -webkit-box-align: stretch;
    -ms-flex-align: stretch;
    align-items: stretch;
  }
}

@media (min-width:20rem) and (max-width:37.4375rem) {
  .c8 {
    font-size: 1.25rem;
    line-height: 1.5rem;
  }
}

@media (min-width:37.5rem) {
  .c8 {
    font-size: 1.5rem;
    line-height: 1.75rem;
  }
}

@media (min-width:37.5rem) {
  .c8 {
    margin: 0;
  }
}

@media (min-width:37.5rem) {
  .c8 {
    padding-right: 1rem;
  }
}

@media screen and (-ms-high-contrast:active) {
  .c4 {
    border-color: windowText;
  }
}

@media (min-width:37.5rem) {
  .c4 {
    position: absolute;
    left: 0;
    right: 0;
    top: 1.375rem;
  }
}

@media (min-width:37.5rem) {
  .c2 {
    margin-top: 1.5rem;
  }
}

@media (min-width:63rem) {
  .c2 {
    margin-bottom: 1.5rem;
  }
}

@supports (display:grid) {
  .c10 {
    display: grid;
    position: initial;
  }
}

@media (max-width:14.9375rem) {
  .c12 {
    width: calc(6/6*(100% - 6 * 0.5rem) + 5 * 0.5rem );
    margin: 0 0.25rem;
    display: inline-block;
    vertical-align: top;
  }
}

@media (min-width:15rem) and (max-width:24.9375rem) {
  .c12 {
    width: calc(6/6*(100% - 6 * 0.5rem) + 5 * 0.5rem );
    margin: 0 0.25rem;
    display: inline-block;
    vertical-align: top;
  }
}

@media (min-width:25rem) and (max-width:37.4375rem) {
  .c12 {
    width: calc(6/6*(100% - 6 * 0.5rem) + 5 * 0.5rem );
    margin: 0 0.25rem;
    display: inline-block;
    vertical-align: top;
  }
}

@media (min-width:37.5rem) and (max-width:62.9375rem) {
  .c12 {
    width: calc(6/6*(100% - 6 * 1rem) + 5 * 1rem );
    margin: 0 0.5rem;
    display: inline-block;
    vertical-align: top;
  }
}

@media (min-width:63rem) and (max-width:79.9375rem) {
  .c12 {
    width: calc(8/8*(100% - 8 * 1rem) + 7 * 1rem );
    margin: 0 0.5rem;
    display: inline-block;
    vertical-align: top;
  }
}

@media (min-width:80rem) {
  .c12 {
    width: calc(8/8*(100% - 8 * 1rem) + 7 * 1rem );
    margin: 0 0.5rem;
    display: inline-block;
    vertical-align: top;
  }
}

@supports (display:grid) {
  .c12 {
    display: block;
  }
}

@media (max-width:37.4375rem) {
  .c0 {
    grid-column-gap: 0.5rem;
  }
}

@media (min-width:37.5rem) {
  .c0 {
    grid-column-gap: 1rem;
  }
}

@media (max-width:62.9375rem) {
  .c0 {
    grid-template-columns: repeat(6,1fr);
  }
}

@media (min-width:63rem) and (max-width:79.9375rem) {
  .c0 {
    grid-template-columns: 1fr repeat(8,minmax(0,6.75rem)) 1fr;
    max-width: 45.5rem;
  }
}

@media (min-width:80rem) {
  .c0 {
    grid-template-columns: 1fr repeat(20,minmax(0,2.95rem)) 1fr;
    max-width: 46.4rem;
  }
}

@supports (display:grid) {
  .c0 {
    display: grid;
    max-width: initial;
    margin: initial;
  }
}

@media (max-width:63rem) {
  .c1 {
    grid-column: 1 / span 6;
  }
}

@media (min-width:63rem) and (max-width:79.9375rem) {
  .c1 {
    grid-column: 3 / span 6;
  }
}

@media (min-width:80rem) {
  .c1 {
    grid-column: 6 / span 12;
  }
}

@media (max-width:25rem) {
  .c1 {
    padding: 0 0.5rem;
  }
}

@media (min-width:25rem) and (max-width:62.9375rem) {
  .c1 {
    padding: 0 1rem;
  }
}

@media (min-width:37.5rem) {
  .c1 {
    margin-bottom: 1.5rem;
  }
}

@media (min-width:63rem) {
  .c15 {
    display: block;
    width: 100%;
  }
}

@supports (grid-template-columns:fit-content(200px)) {
  .c15 {
    width: initial;
    grid-column: 1 / span 2;
  }
}

@media (min-width:37.5rem) {
  .c22 {
    padding: 0 1rem;
  }
}

@media (min-width:63rem) {
  .c22 {
    display: block;
    width: 100%;
    padding: 0.5rem 0;
  }
}

@supports (grid-template-columns:fit-content(200px)) {
  .c22 {
    display: block;
    width: initial;
    padding: initial;
    grid-column: 3 / span 4;
  }
}

@supports (grid-template-columns:fit-content(200px)) {
  .c13 {
    display: grid;
    grid-template-columns: repeat(6,1fr);
    grid-column-gap: 0.5rem;
  }
}

@media (min-width:25rem) {
  .c18 {
    position: absolute;
    bottom: 0;
  }
}

@media (max-width:24.9375rem) {
  .c18 > * {
    height: 1.25rem;
    padding: 0.25rem 0.25rem 0;
  }
}

@media (min-width:20rem) and (max-width:37.4375rem) {
  .c25 {
    font-size: 0.875rem;
    line-height: 1.125rem;
  }
}

@media (min-width:37.5rem) {
  .c25 {
    font-size: 0.8125rem;
    line-height: 1rem;
  }
}

@media (min-width:20rem) and (max-width:37.4375rem) {
  .c19 {
    font-size: 0.75rem;
    line-height: 1rem;
  }
}

@media (min-width:37.5rem) {
  .c19 {
    font-size: 0.75rem;
    line-height: 1rem;
  }
}

@media (min-width:63rem) {
  .c14 {
    display: grid;
  }
}

@media (max-width:62.9375rem) {
  .c11 {
    border-bottom: 0.0625rem solid #F2F2F2;
  }
}

@media (min-width:37.5rem) {
  .c11 {
    padding: 1rem 0 1rem;
  }
}

@media (min-width:63rem) {
  .c11 {
    padding: 0 0 1.5rem;
  }
}

@media (min-width:37.5rem) and (max-width:62.9375rem) {
  .c11:first-child {
    padding-top: 1rem;
  }
}

@media (min-width:20rem) and (max-width:37.4375rem) {
  .c23 {
    font-size: 1rem;
    line-height: 1.25rem;
  }
}

@media (min-width:37.5rem) {
  .c23 {
    font-size: 1rem;
    line-height: 1.25rem;
  }
}

<section
  aria-labelledby="most-watched-heading"
  class="c0"
  data-e2e="related-content"
  role="region"
>
  <div
    class="c1"
  >
    <div
      class="c2 c3"
    >
      <div
        class="c4"
      />
      <h2
        class="c5"
      >
        <span
          class="c6"
        >
          <span
            class="c7"
          >
            <span
              class="c8"
              dir="ltr"
              id="most-watched-heading"
            >
              De one we dem don look
            </span>
          </span>
        </span>
      </h2>
    </div>
    <ul
      class="c9 c10"
      dir="ltr"
      role="list"
    >
      <li
        class="c11 c12"
        dir="ltr"
        role="listitem"
      >
        <div
          class="c13 c14"
        >
          <div
            class="c15"
            dir="ltr"
          >
            <div
              class="c16"
            >
              <div
                class="c17"
              >
                <div
                  class="lazyload-placeholder"
                />
              </div>
              <div
                class="c18"
              >
                <div
                  aria-hidden="true"
                  class="c19"
                  dir="ltr"
                >
                  <div
                    class="c20"
                  >
                    <svg
                      aria-hidden="true"
                      class="c21"
                      focusable="false"
                      height="12px"
                      viewBox="0 0 32 32"
                      width="12px"
                    >
                      <polygon
                        points="3,32 29,16 3,0"
                      />
                    </svg>
                  </div>
                </div>
              </div>
            </div>
          </div>
          <div
            class="c22"
            dir="ltr"
          >
            <h3
              class="c23"
            >
              <a
                class="c24"
                href="/pidgin/media-53580248"
              >
                'I no know say I different for society until pipo begin look me one kain'
              </a>
            </h3>
            <time
              class="c25"
              datetime="2020-07-29"
            >
              29th July 2020
            </time>
          </div>
        </div>
      </li>
      <li
        class="c11 c12"
        dir="ltr"
        role="listitem"
      >
        <div
          class="c13 c14"
        >
          <div
            class="c15"
            dir="ltr"
          >
            <div
              class="c16"
            >
              <div
                class="c17"
              >
                <div
                  class="lazyload-placeholder"
                />
              </div>
              <div
                class="c18"
              >
                <div
                  aria-hidden="true"
                  class="c19"
                  dir="ltr"
                >
                  <div
                    class="c20"
                  >
                    <svg
                      aria-hidden="true"
                      class="c21"
                      focusable="false"
                      height="12px"
                      viewBox="0 0 32 32"
                      width="12px"
                    >
                      <polygon
                        points="3,32 29,16 3,0"
                      />
                    </svg>
                  </div>
                </div>
              </div>
            </div>
          </div>
          <div
            class="c22"
            dir="ltr"
          >
            <h3
              class="c23"
            >
              <a
                class="c24"
                href="/pidgin/media-53591139"
              >
                Bundu Ama: Di community wey get only 'one' toilet
              </a>
            </h3>
            <time
              class="c25"
              datetime="2020-07-30"
            >
              30th July 2020
            </time>
          </div>
        </div>
      </li>
      <li
        class="c11 c12"
        dir="ltr"
        role="listitem"
      >
        <div
          class="c13 c14"
        >
          <div
            class="c15"
            dir="ltr"
          >
            <div
              class="c16"
            >
              <div
                class="c17"
              >
                <div
                  class="lazyload-placeholder"
                />
              </div>
              <div
                class="c18"
              >
                <div
                  aria-hidden="true"
                  class="c19"
                  dir="ltr"
                >
                  <div
                    class="c20"
                  >
                    <svg
                      aria-hidden="true"
                      class="c21"
                      focusable="false"
                      height="12px"
                      viewBox="0 0 32 32"
                      width="12px"
                    >
                      <polygon
                        points="3,32 29,16 3,0"
                      />
                    </svg>
                  </div>
                </div>
              </div>
            </div>
          </div>
          <div
            class="c22"
            dir="ltr"
          >
            <h3
              class="c23"
            >
              <a
                class="c24"
                href="/pidgin/tori-53509788"
              >
                Naira Marley: Jude Chukwuka AKA Fada Maler say "I be Marlian for life"
              </a>
            </h3>
            <time
              class="c25"
              datetime="2020-07-23"
            >
              23rd July 2020
            </time>
          </div>
        </div>
      </li>
      <li
        class="c11 c12"
        dir="ltr"
        role="listitem"
      >
        <div
          class="c13 c14"
        >
          <div
            class="c15"
            dir="ltr"
          >
            <div
              class="c16"
            >
              <div
                class="c17"
              >
                <div
                  class="lazyload-placeholder"
                />
              </div>
              <div
                class="c18"
              >
                <div
                  aria-hidden="true"
                  class="c19"
                  dir="ltr"
                >
                  <div
                    class="c20"
                  >
                    <svg
                      aria-hidden="true"
                      class="c21"
                      focusable="false"
                      height="12px"
                      viewBox="0 0 32 32"
                      width="12px"
                    >
                      <polygon
                        points="3,32 29,16 3,0"
                      />
                    </svg>
                  </div>
                </div>
              </div>
            </div>
          </div>
          <div
            class="c22"
            dir="ltr"
          >
            <h3
              class="c23"
            >
              <a
                class="c24"
                href="/pidgin/media-53468506"
              >
                James Brown: Meet popular Nigeria cross dresser
              </a>
            </h3>
            <time
              class="c25"
              datetime="2020-07-20"
            >
              20th July 2020
            </time>
          </div>
        </div>
      </li>
      <li
        class="c11 c12"
        dir="ltr"
        role="listitem"
      >
        <div
          class="c13 c14"
        >
          <div
            class="c15"
            dir="ltr"
          >
            <div
              class="c16"
            >
              <div
                class="c17"
              >
                <div
                  class="lazyload-placeholder"
                />
              </div>
              <div
                class="c18"
              >
                <div
                  aria-hidden="true"
                  class="c19"
                  dir="ltr"
                >
                  <div
                    class="c20"
                  >
                    <svg
                      aria-hidden="true"
                      class="c21"
                      focusable="false"
                      height="12px"
                      viewBox="0 0 32 32"
                      width="12px"
                    >
                      <polygon
                        points="3,32 29,16 3,0"
                      />
                    </svg>
                  </div>
                </div>
              </div>
            </div>
          </div>
          <div
            class="c22"
            dir="ltr"
          >
            <h3
              class="c23"
            >
              <a
                class="c24"
                href="/pidgin/tori-45225863"
              >
                Savage Trap Queen: I dey make 80k - 100k per blue film
              </a>
            </h3>
            <time
              class="c25"
              datetime="2018-12-06"
            >
              6th December 2018
            </time>
          </div>
        </div>
      </li>
    </ul>
  </div>
</section>
`;
