// Jest Snapshot v1, https://goo.gl/fbAQLP

exports[`Radio Page Main should match snapshot for AMP 1`] = `
<div>
  <amp-analytics>
    <script
      type="application/json"
    >
      {"transport":{"beacon":false,"xhrpost":false,"image":true},"requests":{"pageview":"\${base}s=598343&s2=3&p=afrique.bbc_afrique_radio.liveradio.page&r=\${screenWidth}x\${screenHeight}x\${screenColorDepth}&re=\${availableScreenWidth}x\${availableScreenHeight}&hl=\${timestamp}&lng=\${browserLanguage}&x1=[urn%3Abbc%3Aares%3Aws_media%3Alive%3Abbc_afrique_radio]&x2=[amp]&x3=[news-afrique]&x4=[fr]&x5=[\${sourceUrl}]&x6=[\${documentReferrer}]&x7=[player-live]&x8=[simorgh]&x9=[BBC%2BAfrique%2BRadio%2B-%2BBBC%2BNews%2BAfrique]&ref=\${documentReferrer}"},"triggers":{"trackPageview":{"on":"visible","request":"pageview"}}}
    </script>
  </amp-analytics>
  <div>
    chartbeat
  </div>
  <amp-analytics
    type="comscore"
  >
    <script
      type="application/json"
    >
      {"vars":{"c2":"17986528"},"extraUrlParams":{"comscorekw":"amp"}}
    </script>
  </amp-analytics>
  <main
    class="emotion-6 css-g9zqnx-GridComponent-GelPageGrid emotion-5"
    dir="ltr"
    role="main"
  >
    <div
      class="css-e19l8g-GridComponent emotion-5"
      dir="ltr"
    >
      <h1
        class="css-18u3w2y-Headline emotion-0"
        id="content"
        tabindex="-1"
      >
        BBC Afrique Radio
      </h1>
      <p
        class="css-1ehf52w-Paragraph emotion-1"
      >
        Infos, musique et sports
      </p>
      <div
        class="emotion-3 css-14t66qe-Wrapper-AudioPlayer emotion-4"
      >
        <div
          class="css-1bxiiiz-StyledAudioContainer emotion-2"
        >
          <amp-iframe
            allowfullscreen="allowfullscreen"
            frameborder="0"
            layout="fill"
            sandbox="allow-scripts allow-same-origin"
            scrolling="no"
            src="https://polling.test.bbc.co.uk/ws/av-embeds/media/bbc_afrique_radio/liveradio/fr/amp?morph_env=live"
            title="Lecteur audio"
          >
            <amp-img
              alt=""
              attribution=""
              height="16"
              layout="fill"
              placeholder="true"
              src="http://localhost:7080/images/amp_audio_placeholder.png"
              width="9"
            />
            <noscript />
          </amp-iframe>
        </div>
      </div>
    </div>
  </main>
</div>
`;

exports[`Radio Page Main should match snapshot for Canonical 1`] = `
<div>
  <noscript />
  <div>
    chartbeat
  </div>
  <main
    class="emotion-7 css-g9zqnx-GridComponent-GelPageGrid emotion-6"
    dir="ltr"
    role="main"
  >
    <div
      class="css-e19l8g-GridComponent emotion-6"
      dir="ltr"
    >
      <h1
        class="css-18u3w2y-Headline emotion-0"
        id="content"
        tabindex="-1"
      >
        BBC Afrique Radio
      </h1>
      <p
        class="css-1ehf52w-Paragraph emotion-1"
      >
        Infos, musique et sports
      </p>
      <div
        class="emotion-4 css-14t66qe-Wrapper-AudioPlayer emotion-5"
      >
        <div
          class="css-1bxiiiz-StyledAudioContainer emotion-3"
        >
          <iframe
            allow="autoplay"
            allowfullscreen=""
            class="css-v3kkbc-StyledIframe emotion-2"
            scrolling="no"
            src="https://test.bbc.com/ws/av-embeds/media/bbc_afrique_radio/liveradio/fr?morph_env=live"
            title="Lecteur audio"
          />
          <noscript />
        </div>
      </div>
    </div>
  </main>
  <section
    aria-labelledby="Radio-Schedule"
    class=" css-xuay09-RadioScheduleSection emotion-98"
    role="region"
  >
    <div
      class="emotion-13 css-16joe58-SectionLabelWrapper-RadioScheduleSectionLabel emotion-14"
    >
      <h2
        class="css-1333sok-Heading emotion-12"
      >
        <span
          class="css-143m08z-FlexColumn emotion-11"
        >
          <span
            class="css-1jc9b24-FlexRow emotion-10"
          >
            <span
              class="css-4poemy-Title emotion-9"
              dir="ltr"
              id="Radio-Schedule"
            >
              Journaux et Magazines
            </span>
          </span>
        </span>
      </h2>
    </div>
    <div
      class="css-pme1b-RadioScheduleWrapper emotion-97"
      data-e2e="radio-schedule"
    >
      <div
        class="emotion-95 css-1igqtvo-GridComponent-StyledGrid emotion-6"
        dir="ltr"
        role="list"
      >
        <li
          class="emotion-33 css-o41ici-GridComponent-StyledFlexGrid emotion-6"
          data-e2e="onDemand"
          dir="ltr"
          role="listitem"
        >
          <div
            class="css-10pzo75-StartTimeWrapper emotion-20"
          >
            <div
              class="css-14jp6ch-Wrapper emotion-19"
            >
              <span
                class="css-ltm9x5-StyledClock emotion-16"
                dir="ltr"
              >
                <svg
                  aria-hidden="true"
                  class="css-6a3m3l-CoreIcon-ClockIcon emotion-15"
                  focusable="false"
                  height="13"
                  viewBox="0 0 13 13"
                  width="13"
                >
                  <path
                    d="M6.5 0A6.5 6.5 0 1013 6.5 6.5 6.5 0 006.5 0zm0 11.5a5 5 0 115-5 5 5 0 01-5 5z"
                  />
                  <path
                    d="M7.34 2.9h-1v3.8L9.4 8.57l.41-.56-2.47-1.89V2.9z"
                  />
                </svg>
              </span>
              <span
                aria-hidden="true"
                class="css-1po43ul-StyledTimestamp emotion-18"
                dir="ltr"
              >
                <time
                  class="css-1s2kt38-StyledTimestamp emotion-17"
                  datetime="2020-03-26"
                >
                  05:30
                </time>
              </span>
            </div>
          </div>
          <div
            class="css-1p5015p-CardWrapper emotion-32"
          >
            <div
              class="css-ed441g-TextWrapper emotion-26"
            >
              <h3
                class="css-i0f8i2-StyledH3 emotion-24"
              >
                <a
                  class="css-1r6cesg-Link-StyledLink emotion-23"
                  href="/afrique/bbc_afrique_radio/w172x371xccjp2q"
                >
                  <span
                    role="text"
                  >
                    Actu Monde
                    <span
                      class="css-ow3j0s-VisuallyHiddenText emotion-21"
                    >
                      , 
                      05:30
                      , 
                    </span>
                    <span
                      class="css-1yguufh-TitleWrapper emotion-22"
                    >
                      26 mars 2020
                    </span>
                  </span>
                </a>
              </h3>
              <p
                class="css-1yo0f2n-SummaryWrapper emotion-25"
              >
                C'est la principale tranche dédiée à l'actualité internationale. De 5H 30 à 6H 30, des interviews d'analystes et des information
              </p>
            </div>
            <div
              class="css-179ih91-ButtonWrapper emotion-31"
            >
              <span
                class="css-1smn0bu-IconWrapper emotion-28"
              >
                <svg
                  aria-hidden="true"
                  class="css-qgh61s-MediaIcon-AudioMediaIcon emotion-27"
                  focusable="false"
                  height="12px"
                  viewBox="0 0 13 12"
                  width="13px"
                >
                  <path
                    d="M9.021 1.811l-.525.525c.938.938 1.5 2.25 1.5 3.675s-.563 2.738-1.5 3.675l.525.525c1.05-1.087 1.725-2.55 1.725-4.2s-.675-3.112-1.725-4.2z"
                  />
                  <path
                    d="M10.596.199l-.525.562c1.35 1.35 2.175 3.225 2.175 5.25s-.825 3.9-2.175 5.25l.525.525c1.5-1.462 2.4-3.525 2.4-5.775s-.9-4.312-2.4-5.812zM6.996 1.511l-2.25 2.25H.996v4.5h3.75l2.25 2.25z"
                  />
                </svg>
              </span>
              <time
                class="css-1qbecwp-DurationWrapper emotion-30"
                datetime="PT6M"
                dir="ltr"
              >
                <span
                  class="css-ow3j0s-VisuallyHiddenText emotion-21"
                >
                   Durée 06,00 
                </span>
                <span
                  aria-hidden="true"
                >
                  06:00
                </span>
              </time>
            </div>
          </div>
        </li>
        <li
          class="emotion-33 css-o41ici-GridComponent-StyledFlexGrid emotion-6"
          data-e2e="onDemand"
          dir="ltr"
          role="listitem"
        >
          <div
            class="css-10pzo75-StartTimeWrapper emotion-20"
          >
            <div
              class="css-14jp6ch-Wrapper emotion-19"
            >
              <span
                class="css-ltm9x5-StyledClock emotion-16"
                dir="ltr"
              >
                <svg
                  aria-hidden="true"
                  class="css-6a3m3l-CoreIcon-ClockIcon emotion-15"
                  focusable="false"
                  height="13"
                  viewBox="0 0 13 13"
                  width="13"
                >
                  <path
                    d="M6.5 0A6.5 6.5 0 1013 6.5 6.5 6.5 0 006.5 0zm0 11.5a5 5 0 115-5 5 5 0 01-5 5z"
                  />
                  <path
                    d="M7.34 2.9h-1v3.8L9.4 8.57l.41-.56-2.47-1.89V2.9z"
                  />
                </svg>
              </span>
              <span
                aria-hidden="true"
                class="css-1po43ul-StyledTimestamp emotion-18"
                dir="ltr"
              >
                <time
                  class="css-1s2kt38-StyledTimestamp emotion-17"
                  datetime="2020-03-26"
                >
                  05:16
                </time>
              </span>
            </div>
          </div>
          <div
            class="css-1p5015p-CardWrapper emotion-32"
          >
            <div
              class="css-ed441g-TextWrapper emotion-26"
            >
              <h3
                class="css-i0f8i2-StyledH3 emotion-24"
              >
                <a
                  class="css-1r6cesg-Link-StyledLink emotion-23"
                  href="/afrique/bbc_afrique_radio/w172x6djbb3rg44"
                >
                  <span
                    role="text"
                  >
                    Reportage
                    <span
                      class="css-ow3j0s-VisuallyHiddenText emotion-21"
                    >
                      , 
                      05:16
                      , 
                    </span>
                    <span
                      class="css-1yguufh-TitleWrapper emotion-22"
                    >
                      26 mars 2020
                    </span>
                  </span>
                </a>
              </h3>
              <p
                class="css-1yo0f2n-SummaryWrapper emotion-25"
              >
                Un sujet traité en profondeur et qui fait appel aux différents genres journalistiques.
              </p>
            </div>
            <div
              class="css-179ih91-ButtonWrapper emotion-31"
            >
              <span
                class="css-1smn0bu-IconWrapper emotion-28"
              >
                <svg
                  aria-hidden="true"
                  class="css-qgh61s-MediaIcon-AudioMediaIcon emotion-27"
                  focusable="false"
                  height="12px"
                  viewBox="0 0 13 12"
                  width="13px"
                >
                  <path
                    d="M9.021 1.811l-.525.525c.938.938 1.5 2.25 1.5 3.675s-.563 2.738-1.5 3.675l.525.525c1.05-1.087 1.725-2.55 1.725-4.2s-.675-3.112-1.725-4.2z"
                  />
                  <path
                    d="M10.596.199l-.525.562c1.35 1.35 2.175 3.225 2.175 5.25s-.825 3.9-2.175 5.25l.525.525c1.5-1.462 2.4-3.525 2.4-5.775s-.9-4.312-2.4-5.812zM6.996 1.511l-2.25 2.25H.996v4.5h3.75l2.25 2.25z"
                  />
                </svg>
              </span>
              <time
                class="css-1qbecwp-DurationWrapper emotion-30"
                datetime="PT8M"
                dir="ltr"
              >
                <span
                  class="css-ow3j0s-VisuallyHiddenText emotion-21"
                >
                   Durée 08,00 
                </span>
                <span
                  aria-hidden="true"
                >
                  08:00
                </span>
              </time>
            </div>
          </div>
        </li>
        <li
          class="emotion-33 css-o41ici-GridComponent-StyledFlexGrid emotion-6"
          data-e2e="onDemand"
          dir="ltr"
          role="listitem"
        >
          <div
            class="css-10pzo75-StartTimeWrapper emotion-20"
          >
            <div
              class="css-14jp6ch-Wrapper emotion-19"
            >
              <span
                class="css-ltm9x5-StyledClock emotion-16"
                dir="ltr"
              >
                <svg
                  aria-hidden="true"
                  class="css-6a3m3l-CoreIcon-ClockIcon emotion-15"
                  focusable="false"
                  height="13"
                  viewBox="0 0 13 13"
                  width="13"
                >
                  <path
                    d="M6.5 0A6.5 6.5 0 1013 6.5 6.5 6.5 0 006.5 0zm0 11.5a5 5 0 115-5 5 5 0 01-5 5z"
                  />
                  <path
                    d="M7.34 2.9h-1v3.8L9.4 8.57l.41-.56-2.47-1.89V2.9z"
                  />
                </svg>
              </span>
              <span
                aria-hidden="true"
                class="css-1po43ul-StyledTimestamp emotion-18"
                dir="ltr"
              >
                <time
                  class="css-1s2kt38-StyledTimestamp emotion-17"
                  datetime="2020-03-26"
                >
                  05:15
                </time>
              </span>
            </div>
          </div>
          <div
            class="css-1p5015p-CardWrapper emotion-32"
          >
            <div
              class="css-ed441g-TextWrapper emotion-26"
            >
              <h3
                class="css-i0f8i2-StyledH3 emotion-24"
              >
                <a
                  class="css-1r6cesg-Link-StyledLink emotion-23"
                  href="/afrique/bbc_afrique_radio/w172x5n20y5f68g"
                >
                  <span
                    role="text"
                  >
                    Bulletin D'informations
                    <span
                      class="css-ow3j0s-VisuallyHiddenText emotion-21"
                    >
                      , 
                      05:15
                      , 
                    </span>
                    <span
                      class="css-1yguufh-TitleWrapper emotion-22"
                    >
                      26 mars 2020
                    </span>
                  </span>
                </a>
              </h3>
              <p
                class="css-1yo0f2n-SummaryWrapper emotion-25"
              >
                Le tour du monde de l'actualité en 2 minutes 
              </p>
            </div>
            <div
              class="css-179ih91-ButtonWrapper emotion-31"
            >
              <span
                class="css-1smn0bu-IconWrapper emotion-28"
              >
                <svg
                  aria-hidden="true"
                  class="css-qgh61s-MediaIcon-AudioMediaIcon emotion-27"
                  focusable="false"
                  height="12px"
                  viewBox="0 0 13 12"
                  width="13px"
                >
                  <path
                    d="M9.021 1.811l-.525.525c.938.938 1.5 2.25 1.5 3.675s-.563 2.738-1.5 3.675l.525.525c1.05-1.087 1.725-2.55 1.725-4.2s-.675-3.112-1.725-4.2z"
                  />
                  <path
                    d="M10.596.199l-.525.562c1.35 1.35 2.175 3.225 2.175 5.25s-.825 3.9-2.175 5.25l.525.525c1.5-1.462 2.4-3.525 2.4-5.775s-.9-4.312-2.4-5.812zM6.996 1.511l-2.25 2.25H.996v4.5h3.75l2.25 2.25z"
                  />
                </svg>
              </span>
              <time
                class="css-1qbecwp-DurationWrapper emotion-30"
                datetime="PT1M"
                dir="ltr"
              >
                <span
                  class="css-ow3j0s-VisuallyHiddenText emotion-21"
                >
                   Durée 01,00 
                </span>
                <span
                  aria-hidden="true"
                >
                  01:00
                </span>
              </time>
            </div>
          </div>
        </li>
        <li
          class="emotion-33 css-o41ici-GridComponent-StyledFlexGrid emotion-6"
          data-e2e="next"
          dir="ltr"
          role="listitem"
        >
          <div
            class="css-10pzo75-StartTimeWrapper emotion-20"
          >
            <div
              class="css-14jp6ch-Wrapper emotion-19"
            >
              <span
                class="css-ltm9x5-StyledClock emotion-16"
                dir="ltr"
              >
                <svg
                  aria-hidden="true"
                  class="css-6a3m3l-CoreIcon-ClockIcon emotion-15"
                  focusable="false"
                  height="13"
                  viewBox="0 0 13 13"
                  width="13"
                >
                  <path
                    d="M6.5 0A6.5 6.5 0 1013 6.5 6.5 6.5 0 006.5 0zm0 11.5a5 5 0 115-5 5 5 0 01-5 5z"
                  />
                  <path
                    d="M7.34 2.9h-1v3.8L9.4 8.57l.41-.56-2.47-1.89V2.9z"
                  />
                </svg>
              </span>
              <span
                aria-hidden="true"
                class="css-1po43ul-StyledTimestamp emotion-18"
                dir="ltr"
              >
                <time
                  class="css-1s2kt38-StyledTimestamp emotion-17"
                  datetime="2030-01-01"
                >
                  09:00
                </time>
              </span>
            </div>
          </div>
          <div
            class="css-1p5015p-CardWrapper emotion-32"
          >
            <div
              class="css-ed441g-TextWrapper emotion-26"
            >
              <h3
                class="css-1hrv2u6-StyledH3 emotion-24"
              >
                <span
                  role="text"
                >
                  <span
                    class="css-194b0aj-NextLabel emotion-81"
                    dir="ltr"
                  >
                    SUIVANT 
                  </span>
                  A Vous L'antenne
                  <span
                    class="css-ow3j0s-VisuallyHiddenText emotion-21"
                  >
                    , 
                    09:00
                    , 
                  </span>
                  <span
                    class="css-1vcreeq-TitleWrapper emotion-22"
                  >
                    1 janvier 2030
                  </span>
                </span>
              </h3>
              <p
                class="css-1yo0f2n-SummaryWrapper emotion-25"
              >
                Du lundi au vendredi les auditeurs réagissent à chaud sur les sujets qui rythment l'actualité 
              </p>
            </div>
            <div
              class="css-136xa31-ButtonWrapper emotion-31"
            >
              <span
                class="css-1soil44-IconWrapper emotion-28"
              >
                <svg
                  aria-hidden="true"
                  class="css-qgh61s-MediaIcon-AudioMediaIcon emotion-27"
                  focusable="false"
                  height="12px"
                  viewBox="0 0 13 12"
                  width="13px"
                >
                  <path
                    d="M9.021 1.811l-.525.525c.938.938 1.5 2.25 1.5 3.675s-.563 2.738-1.5 3.675l.525.525c1.05-1.087 1.725-2.55 1.725-4.2s-.675-3.112-1.725-4.2z"
                  />
                  <path
                    d="M10.596.199l-.525.562c1.35 1.35 2.175 3.225 2.175 5.25s-.825 3.9-2.175 5.25l.525.525c1.5-1.462 2.4-3.525 2.4-5.775s-.9-4.312-2.4-5.812zM6.996 1.511l-2.25 2.25H.996v4.5h3.75l2.25 2.25z"
                  />
                </svg>
              </span>
              <time
                class="css-1qbecwp-DurationWrapper emotion-30"
                datetime="PT15M"
                dir="ltr"
              >
                <span
                  class="css-ow3j0s-VisuallyHiddenText emotion-21"
                >
                   Durée 15,00 
                </span>
                <span
                  aria-hidden="true"
                >
                  15:00
                </span>
              </time>
            </div>
          </div>
        </li>
      </div>
    </div>
  </section>
</div>
`;
