// Jest Snapshot v1, https://goo.gl/fbAQLP

exports[`Home Page should correctly render linked data for home pages 1`] = `
Array [
  Object {
    "@context": "http://schema.org",
    "@graph": Array [
      Object {
        "@type": "CollectionPage",
        "headline": "BBC News Кыргыз Кызматы -1",
        "image": Object {
          "@type": "ImageObject",
          "height": 576,
          "url": "https://news.files.bbci.co.uk/ws/img/logos/og/kyrgyz.png",
          "width": 1024,
        },
        "inLanguage": Object {
          "@type": "Language",
          "alternateName": "ky",
          "name": "Kyrgyz",
        },
        "mainEntityOfPage": Object {
          "@id": "https://www.test.bbc.com/news/articles/c0g992jmmkko",
          "@type": "WebPage",
          "name": "BBC News Кыргыз Кызматы -1",
        },
        "publisher": Object {
          "@type": "NewsMediaOrganization",
          "logo": Object {
            "@type": "ImageObject",
            "height": 576,
            "url": "https://news.files.bbci.co.uk/ws/img/logos/og/kyrgyz.png",
            "width": 1024,
          },
          "name": "BBC News Кыргыз Кызматы",
          "publishingPrinciples": "https://www.bbc.com/kyrgyz/institutional-49677275",
        },
        "thumbnailUrl": "https://news.files.bbci.co.uk/ws/img/logos/og/kyrgyz.png",
        "url": "https://www.test.bbc.com/news/articles/c0g992jmmkko",
      },
      Object {
        "@type": "article",
        "dateCreated": "2023-02-02T09:42:49.334Z",
        "headline": "13:31 - “Баланы сабады деп аялымды камап салышарын өзүм да билген эмесмин”. Кадамжайда токмоктолгон наристенин атасы
",
        "name": "13:31 - “Баланы сабады деп аялымды камап салышарын өзүм да билген эмесмин”. Кадамжайда токмоктолгон наристенин атасы
",
        "url": "https://www.bbc.com/kyrgyz/articles/cjy500vqllzo",
      },
      Object {
        "@type": "article",
        "dateCreated": "2023-02-02T10:06:00.977Z",
        "headline": "“Баланы сабады деп аялымды камап салышарын өзүм да билген эмесмин”. Кадамжайда токмоктолгон наристенин атасы 2
",
        "name": "“Баланы сабады деп аялымды камап салышарын өзүм да билген эмесмин”. Кадамжайда токмоктолгон наристенин атасы 2
",
        "url": "https://www.bbc.com/kyrgyz/articles/cy0pvvd9jvpo",
      },
      Object {
        "@type": "article",
        "dateCreated": "2023-02-02T10:06:57.156Z",
        "headline": "“Баланы сабады деп аялымды камап салышарын өзүм да билген эмесмин”. Кадамжайда токмоктолгон наристенин атасы 3
",
        "name": "“Баланы сабады деп аялымды камап салышарын өзүм да билген эмесмин”. Кадамжайда токмоктолгон наристенин атасы 3
",
        "url": "https://www.bbc.com/kyrgyz/articles/cemg3359nwro",
      },
      Object {
        "@type": "article",
        "dateCreated": "2023-02-02T10:07:37.729Z",
        "headline": "“Баланы сабады деп аялымды камап салышарын өзүм да билген эмесмин”. Кадамжайда токмоктолгон наристенин атасы 4
",
        "name": "“Баланы сабады деп аялымды камап салышарын өзүм да билген эмесмин”. Кадамжайда токмоктолгон наристенин атасы 4
",
        "url": "https://www.bbc.com/kyrgyz/articles/cp56zz9mg01o",
      },
      Object {
        "@type": "article",
        "dateCreated": "2023-02-02T10:08:28.652Z",
        "headline": "“Баланы сабады деп аялымды камап салышарын өзүм да билген эмесмин”. Кадамжайда токмоктолгон наристенин атасы 5
",
        "name": "“Баланы сабады деп аялымды камап салышарын өзүм да билген эмесмин”. Кадамжайда токмоктолгон наристенин атасы 5
",
        "url": "https://www.bbc.com/kyrgyz/articles/cnk299l1mdgo",
      },
      Object {
        "@type": "article",
        "dateCreated": "2023-02-02T10:09:07.061Z",
        "headline": "“Баланы сабады деп аялымды камап салышарын өзүм да билген эмесмин”. Кадамжайда токмоктолгон наристенин атасы 6
",
        "name": "“Баланы сабады деп аялымды камап салышарын өзүм да билген эмесмин”. Кадамжайда токмоктолгон наристенин атасы 6
",
        "url": "https://www.bbc.com/kyrgyz/articles/c2qz889lr6do",
      },
      Object {
        "@type": "article",
        "dateCreated": "2023-02-02T10:09:45.580Z",
        "headline": "“Баланы сабады деп аялымды камап салышарын өзүм да билген эмесмин”. Кадамжайда токмоктолгон наристенин атасы 7
",
        "name": "“Баланы сабады деп аялымды камап салышарын өзүм да билген эмесмин”. Кадамжайда токмоктолгон наристенин атасы 7
",
        "url": "https://www.bbc.com/kyrgyz/articles/cy0z22ny3jwo",
      },
      Object {
        "@type": "article",
        "dateCreated": "2023-02-02T10:10:40.111Z",
        "headline": "“Баланы сабады деп аялымды камап салышарын өзүм да билген эмесмин”. Кадамжайда токмоктолгон наристенин атасы 8
",
        "name": "“Баланы сабады деп аялымды камап салышарын өзүм да билген эмесмин”. Кадамжайда токмоктолгон наристенин атасы 8
",
        "url": "https://www.bbc.com/kyrgyz/articles/c0n933z8qnyo",
      },
      Object {
        "@type": "article",
        "dateCreated": "2023-02-02T10:11:19.977Z",
        "headline": "“Баланы сабады деп аялымды камап салышарын өзүм да билген эмесмин”. Кадамжайда токмоктолгон наристенин атасы 9
",
        "name": "“Баланы сабады деп аялымды камап салышарын өзүм да билген эмесмин”. Кадамжайда токмоктолгон наристенин атасы 9
",
        "url": "https://www.bbc.com/kyrgyz/articles/cndr228x0y4o",
      },
      Object {
        "@type": "article",
        "dateCreated": "2023-02-02T10:11:56.211Z",
        "headline": "“Баланы сабады деп аялымды камап салышарын өзүм да билген эмесмин”. Кадамжайда токмоктолгон наристенин атасы 10
",
        "name": "“Баланы сабады деп аялымды камап салышарын өзүм да билген эмесмин”. Кадамжайда токмоктолгон наристенин атасы 10
",
        "url": "https://www.bbc.com/kyrgyz/articles/cx9exxrn6wlo",
      },
      Object {
        "@type": "article",
        "dateCreated": "2023-02-02T10:13:18.938Z",
        "headline": "“Баланы сабады деп аялымды камап салышарын өзүм да билген эмесмин”. Кадамжайда токмоктолгон наристенин атасы 11
",
        "name": "“Баланы сабады деп аялымды камап салышарын өзүм да билген эмесмин”. Кадамжайда токмоктолгон наристенин атасы 11
",
        "url": "https://www.bbc.com/kyrgyz/articles/c12pxxzkzjdo",
      },
      Object {
        "@type": "article",
        "dateCreated": "2023-02-02T10:13:50.742Z",
        "headline": "“Баланы сабады деп аялымды камап салышарын өзүм да билген эмесмин”. Кадамжайда токмоктолгон наристенин атасы 12
",
        "name": "“Баланы сабады деп аялымды камап салышарын өзүм да билген эмесмин”. Кадамжайда токмоктолгон наристенин атасы 12
",
        "url": "https://www.bbc.com/kyrgyz/articles/c4xljjkewl1o",
      },
      Object {
        "@type": "article",
        "dateCreated": "2023-02-02T11:37:24.774Z",
        "headline": "Холокостту эскерүү күнү: Унутулган цыган курмандыктары эстеликтерди сактап калуу үчүн күрөшүүдө",
        "name": "Холокостту эскерүү күнү: Унутулган цыган курмандыктары эстеликтерди сактап калуу үчүн күрөшүүдө",
        "url": "https://www.bbc.com/kyrgyz/articles/cjjd7zd38z3o",
      },
      Object {
        "@type": "article",
        "dateCreated": "2023-02-02T11:39:55.636Z",
        "headline": "Холокостту эскерүү күнү: Унутулган цыган курмандыктары эстеликтерди сактап калуу үчүн күрөшүүдө 2",
        "name": "Холокостту эскерүү күнү: Унутулган цыган курмандыктары эстеликтерди сактап калуу үчүн күрөшүүдө 2",
        "url": "https://www.bbc.com/kyrgyz/articles/c4w7243gmdro",
      },
      Object {
        "@type": "article",
        "dateCreated": "2023-02-02T11:40:31.717Z",
        "headline": "Холокостту эскерүү күнү: Унутулган цыган курмандыктары эстеликтерди сактап калуу үчүн күрөшүүдө 3",
        "name": "Холокостту эскерүү күнү: Унутулган цыган курмандыктары эстеликтерди сактап калуу үчүн күрөшүүдө 3",
        "url": "https://www.bbc.com/kyrgyz/articles/c85pgx2ndx6o",
      },
      Object {
        "@type": "article",
        "dateCreated": "2023-02-02T11:41:09.361Z",
        "headline": "Холокостту эскерүү күнү: Унутулган цыган курмандыктары эстеликтерди сактап калуу үчүн күрөшүүдө 4",
        "name": "Холокостту эскерүү күнү: Унутулган цыган курмандыктары эстеликтерди сактап калуу үчүн күрөшүүдө 4",
        "url": "https://www.bbc.com/kyrgyz/articles/cmel5j6wwk2o",
      },
      Object {
        "@type": "article",
        "dateCreated": "2023-02-02T11:41:54.105Z",
        "headline": "Холокостту эскерүү күнү: Унутулган цыган курмандыктары эстеликтерди сактап калуу үчүн күрөшүүдө 5",
        "name": "Холокостту эскерүү күнү: Унутулган цыган курмандыктары эстеликтерди сактап калуу үчүн күрөшүүдө 5",
        "url": "https://www.bbc.com/kyrgyz/articles/cd0x1jwnw66o",
      },
      Object {
        "@type": "article",
        "dateCreated": "2023-02-02T11:42:38.776Z",
        "headline": "Холокостту эскерүү күнү: Унутулган цыган курмандыктары эстеликтерди сактап калуу үчүн күрөшүүдө 6",
        "name": "Холокостту эскерүү күнү: Унутулган цыган курмандыктары эстеликтерди сактап калуу үчүн күрөшүүдө 6",
        "url": "https://www.bbc.com/kyrgyz/articles/c65eglnzz1vo",
      },
      Object {
        "@type": "article",
        "dateCreated": "2023-02-02T11:43:14.865Z",
        "headline": "Холокостту эскерүү күнү: Унутулган цыган курмандыктары эстеликтерди сактап калуу үчүн күрөшүүдө 7",
        "name": "Холокостту эскерүү күнү: Унутулган цыган курмандыктары эстеликтерди сактап калуу үчүн күрөшүүдө 7",
        "url": "https://www.bbc.com/kyrgyz/articles/cj2r5lzp6k0o",
      },
      Object {
        "@type": "article",
        "dateCreated": "2023-02-02T11:43:47.440Z",
        "headline": "Холокостту эскерүү күнү: Унутулган цыган курмандыктары эстеликтерди сактап калуу үчүн күрөшүүдө 8",
        "name": "Холокостту эскерүү күнү: Унутулган цыган курмандыктары эстеликтерди сактап калуу үчүн күрөшүүдө 8",
        "url": "https://www.bbc.com/kyrgyz/articles/c2qz8l2zn5eo",
      },
      Object {
        "@type": "article",
        "dateCreated": "2023-02-02T11:44:19.096Z",
        "headline": "Холокостту эскерүү күнү: Унутулган цыган курмандыктары эстеликтерди сактап калуу үчүн күрөшүүдө 9",
        "name": "Холокостту эскерүү күнү: Унутулган цыган курмандыктары эстеликтерди сактап калуу үчүн күрөшүүдө 9",
        "url": "https://www.bbc.com/kyrgyz/articles/cm18pzwq691o",
      },
      Object {
        "@type": "article",
        "dateCreated": "2023-02-02T11:45:03.037Z",
        "headline": "Холокостту эскерүү күнү: Унутулган цыган курмандыктары эстеликтерди сактап калуу үчүн күрөшүүдө 10",
        "name": "Холокостту эскерүү күнү: Унутулган цыган курмандыктары эстеликтерди сактап калуу үчүн күрөшүүдө 10",
        "url": "https://www.bbc.com/kyrgyz/articles/cr89pqv3el2o",
      },
      Object {
        "@type": "article",
        "dateCreated": "2023-02-06T13:36:00.218Z",
        "headline": "Кыргыз-өзбек алакаcы: сандар жана фактылар",
        "name": "Кыргыз-өзбек алакаcы: сандар жана фактылар",
        "url": "https://www.bbc.com/kyrgyz/articles/cr9p5rw62j7o",
      },
      Object {
        "@type": "article",
        "dateCreated": "2023-02-06T13:37:11.912Z",
        "headline": "Кыргыз-өзбек алакаcы: сандар жана фактылар 2",
        "name": "Кыргыз-өзбек алакаcы: сандар жана фактылар 2",
        "url": "https://www.bbc.com/kyrgyz/articles/cnk23wye4kyo",
      },
      Object {
        "@type": "article",
        "dateCreated": "2023-02-06T13:37:48.118Z",
        "headline": "Кыргыз-өзбек алакаcы: сандар жана фактылар 3",
        "name": "Кыргыз-өзбек алакаcы: сандар жана фактылар 3",
        "url": "https://www.bbc.com/kyrgyz/articles/c0n89302mwdo",
      },
      Object {
        "@type": "article",
        "dateCreated": "2023-02-06T13:38:21.709Z",
        "headline": "Кыргыз-өзбек алакаcы: сандар жана фактылар 4",
        "name": "Кыргыз-өзбек алакаcы: сандар жана фактылар 4",
        "url": "https://www.bbc.com/kyrgyz/articles/clygdvn0vepo",
      },
      Object {
        "@type": "article",
        "dateCreated": "2023-02-06T13:38:53.193Z",
        "headline": "Кыргыз-өзбек алакаcы: сандар жана фактылар 5",
        "name": "Кыргыз-өзбек алакаcы: сандар жана фактылар 5",
        "url": "https://www.bbc.com/kyrgyz/articles/c0n2glkxx13o",
      },
      Object {
        "@type": "article",
        "dateCreated": "2023-02-06T13:39:22.009Z",
        "headline": "Кыргыз-өзбек алакаcы: сандар жана фактылар 6",
        "name": "Кыргыз-өзбек алакаcы: сандар жана фактылар 6",
        "url": "https://www.bbc.com/kyrgyz/articles/c85pqkmwkw5o",
      },
      Object {
        "@type": "article",
        "dateCreated": "2023-02-06T13:39:55.607Z",
        "headline": "Кыргыз-өзбек алакаcы: сандар жана фактылар 7",
        "name": "Кыргыз-өзбек алакаcы: сандар жана фактылар 7",
        "url": "https://www.bbc.com/kyrgyz/articles/c85pqkmz8e2o",
      },
      Object {
        "@type": "article",
        "dateCreated": "2023-02-06T13:40:23.909Z",
        "headline": "Кыргыз-өзбек алакаcы: сандар жана фактылар 8",
        "name": "Кыргыз-өзбек алакаcы: сандар жана фактылар 8",
        "url": "https://www.bbc.com/kyrgyz/articles/ck42g152vl6o",
      },
      Object {
        "@type": "article",
        "dateCreated": "2023-02-06T13:45:17.207Z",
        "headline": "Кытайдын жаңы ачык саясаты. Си Цзиньпин саясий багытын өзгөрттү",
        "name": "Кытайдын жаңы ачык саясаты. Си Цзиньпин саясий багытын өзгөрттү",
        "url": "https://www.bbc.com/kyrgyz/articles/c6x9vjk8zy2o",
      },
      Object {
        "@type": "article",
        "dateCreated": "2023-02-06T13:47:06.980Z",
        "headline": "Кытайдын жаңы ачык саясаты. Си Цзиньпин саясий багытын өзгөрттү 2",
        "name": "Кытайдын жаңы ачык саясаты. Си Цзиньпин саясий багытын өзгөрттү 2",
        "url": "https://www.bbc.com/kyrgyz/articles/cw1kzjme384o",
      },
      Object {
        "@type": "article",
        "dateCreated": "2023-02-06T13:47:34.717Z",
        "headline": "Кытайдын жаңы ачык саясаты. Си Цзиньпин саясий багытын өзгөрттү 3",
        "name": "Кытайдын жаңы ачык саясаты. Си Цзиньпин саясий багытын өзгөрттү 3",
        "url": "https://www.bbc.com/kyrgyz/articles/c3d1vyrdx21o",
      },
      Object {
        "@type": "article",
        "dateCreated": "2023-02-06T13:48:04.311Z",
        "headline": "Кытайдын жаңы ачык саясаты. Си Цзиньпин саясий багытын өзгөрттү 4",
        "name": "Кытайдын жаңы ачык саясаты. Си Цзиньпин саясий багытын өзгөрттү 4",
        "url": "https://www.bbc.com/kyrgyz/articles/c86jzl31jm5o",
      },
      Object {
        "@type": "article",
        "dateCreated": "2023-02-06T13:48:35.778Z",
        "headline": "Кытайдын жаңы ачык саясаты. Си Цзиньпин саясий багытын өзгөрттү 5",
        "name": "Кытайдын жаңы ачык саясаты. Си Цзиньпин саясий багытын өзгөрттү 5",
        "url": "https://www.bbc.com/kyrgyz/articles/cp567nq7kx6o",
      },
      Object {
        "@type": "article",
        "dateCreated": "2023-02-06T13:49:01.557Z",
        "headline": "Кытайдын жаңы ачык саясаты. Си Цзиньпин саясий багытын өзгөрттү 6",
        "name": "Кытайдын жаңы ачык саясаты. Си Цзиньпин саясий багытын өзгөрттү 6",
        "url": "https://www.bbc.com/kyrgyz/articles/cv748vmk2pno",
      },
      Object {
        "@type": "article",
        "dateCreated": "2023-02-06T13:49:31.970Z",
        "headline": "Кытайдын жаңы ачык саясаты. Си Цзиньпин саясий багытын өзгөрттү 7",
        "name": "Кытайдын жаңы ачык саясаты. Си Цзиньпин саясий багытын өзгөрттү 7",
        "url": "https://www.bbc.com/kyrgyz/articles/ck9yxzvv7deo",
      },
      Object {
        "@type": "article",
        "dateCreated": "2023-02-06T13:50:08.108Z",
        "headline": "Кытайдын жаңы ачык саясаты. Си Цзиньпин саясий багытын өзгөрттү 8",
        "name": "Кытайдын жаңы ачык саясаты. Си Цзиньпин саясий багытын өзгөрттү 8",
        "url": "https://www.bbc.com/kyrgyz/articles/c380rxlx2z9o",
      },
      Object {
        "@type": "link",
        "dateCreated": "",
        "headline": "Би-Би-Си ТВ жаңылыктары",
        "name": "Би-Би-Си ТВ жаңылыктары",
        "url": "https://www.bbc.com/kyrgyz/bbc_kyrgyz_tv/tv_programmes/w13xttqx?limit=4",
      },
      Object {
        "@type": "article",
        "dateCreated": "2023-02-07T14:51:20.980Z",
        "headline": "Холокостту эскерүү күнү: Унутулган цыган курмандыктары эстеликтерди сактап калуу үчүн күрөшүүдө",
        "name": "Холокостту эскерүү күнү: Унутулган цыган курмандыктары эстеликтерди сактап калуу үчүн күрөшүүдө",
        "url": "https://www.bbc.com/kyrgyz/articles/cr91pzee4dro",
      },
      Object {
        "@type": "article",
        "dateCreated": "2023-02-07T14:52:16.175Z",
        "headline": "Холокостту эскерүү күнү: Унутулган цыган курмандыктары эстеликтерди сактап калуу үчүн күрөшүүдө 2",
        "name": "Холокостту эскерүү күнү: Унутулган цыган курмандыктары эстеликтерди сактап калуу үчүн күрөшүүдө 2",
        "url": "https://www.bbc.com/kyrgyz/articles/cd0nevdy25vo",
      },
      Object {
        "@type": "article",
        "dateCreated": "2023-02-07T14:52:44.188Z",
        "headline": "Холокостту эскерүү күнү: Унутулган цыган курмандыктары эстеликтерди сактап калуу үчүн күрөшүүдө 3",
        "name": "Холокостту эскерүү күнү: Унутулган цыган курмандыктары эстеликтерди сактап калуу үчүн күрөшүүдө 3",
        "url": "https://www.bbc.com/kyrgyz/articles/czmnz5184jeo",
      },
      Object {
        "@type": "audio",
        "dateCreated": "",
        "headline": "Би-Би-Си дүрбүсүндө",
        "name": "Би-Би-Си дүрбүсүндө",
        "url": "https://www.bbc.com/kyrgyz/podcasts/p0c80v81/p0fgn15k",
      },
      Object {
        "@type": "audio",
        "dateCreated": "",
        "headline": "Би-Би-Си дүрбүсүндө",
        "name": "Би-Би-Си дүрбүсүндө",
        "url": "https://www.bbc.com/kyrgyz/podcasts/p0c80v81/p0fdktdr",
      },
      Object {
        "@type": "audio",
        "dateCreated": "",
        "headline": "Би-Би-Си дүрбүсүндө",
        "name": "Би-Би-Си дүрбүсүндө",
        "url": "https://www.bbc.com/kyrgyz/podcasts/p0c80v81/p0fcg3qf",
      },
      Object {
        "@type": "audio",
        "dateCreated": "",
        "headline": "Би-Би-Си дүрбүсүндө",
        "name": "Би-Би-Си дүрбүсүндө",
        "url": "https://www.bbc.com/kyrgyz/podcasts/p0c80v81/p0fbg3qv",
      },
      Object {
        "@type": "video",
        "dateCreated": "2023-02-02T11:56:17.767Z",
        "headline": "\\"Сапар\\": Дүйнөнү өзгөрткөн айымдар",
        "name": "\\"Сапар\\": Дүйнөнү өзгөрткөн айымдар",
        "url": "https://www.bbc.com/kyrgyz/articles/c6rgpy2y00qo",
      },
      Object {
        "@type": "video",
        "dateCreated": "2023-02-02T11:56:49.913Z",
        "headline": "\\"Сапар\\": Дүйнөнү өзгөрткөн айымдар 2",
        "name": "\\"Сапар\\": Дүйнөнү өзгөрткөн айымдар 2",
        "url": "https://www.bbc.com/kyrgyz/articles/cd0nz6e5lj0o",
      },
      Object {
        "@type": "video",
        "dateCreated": "2023-02-02T11:57:11.013Z",
        "headline": "\\"Сапар\\": Дүйнөнү өзгөрткөн айымдар 3",
        "name": "\\"Сапар\\": Дүйнөнү өзгөрткөн айымдар 3",
        "url": "https://www.bbc.com/kyrgyz/articles/cle6ylr495ko",
      },
      Object {
        "@type": "video",
        "dateCreated": "2023-02-02T11:57:24.839Z",
        "headline": "\\"Сапар\\": Дүйнөнү өзгөрткөн айымдар 4",
        "name": "\\"Сапар\\": Дүйнөнү өзгөрткөн айымдар 4",
        "url": "https://www.bbc.com/kyrgyz/articles/cd0qkxer6rko",
      },
      Object {
        "@type": "article",
        "dateCreated": "2016-11-07T08:16:20.000Z",
        "headline": "Kyrgyzstanda soz erkindigi buzuluuda",
        "name": "Kyrgyzstanda soz erkindigi buzuluuda",
        "url": "https://www.bbc.com/kyrgyz/world-23089413",
      },
      Object {
        "@type": "article",
        "dateCreated": "2016-11-03T14:43:31.000Z",
        "headline": "Үй-бүлөдөгү зомбулуктан эң көп аялдар жабыркайт",
        "name": "Үй-бүлөдөгү зомбулуктан эң көп аялдар жабыркайт",
        "url": "https://www.bbc.com/kyrgyz/kyrgyzstan-23088783",
      },
      Object {
        "@type": "article",
        "dateCreated": "2016-11-07T08:16:20.000Z",
        "headline": "Kyrgyzstanda soz erkindigi buzuluuda",
        "name": "Kyrgyzstanda soz erkindigi buzuluuda",
        "url": "https://www.bbc.com/kyrgyz/world-23089413",
      },
      Object {
        "@type": "article",
        "dateCreated": "2016-11-03T14:43:31.000Z",
        "headline": "Үй-бүлөдөгү зомбулуктан эң көп аялдар жабыркайт",
        "name": "Үй-бүлөдөгү зомбулуктан эң көп аялдар жабыркайт",
        "url": "https://www.bbc.com/kyrgyz/kyrgyzstan-23088783",
      },
      Object {
        "@type": "link",
        "dateCreated": "",
        "headline": "BBC News Russian",
        "name": "BBC News Russian",
        "url": "http://www.bbc.com/russian",
      },
      Object {
        "@type": "link",
        "dateCreated": "",
        "headline": "BBC Azeri",
        "name": "BBC Azeri",
        "url": "http://www.bbc.com/azeri",
      },
      Object {
        "@type": "link",
        "dateCreated": "",
        "headline": "BBC Uzbek",
        "name": "BBC Uzbek",
        "url": "http://www.bbc.com/uzbek",
      },
      Object {
        "@type": "link",
        "dateCreated": "",
        "headline": "BBC Turkish",
        "name": "BBC Turkish",
        "url": "http://www.bbc.com/turkce",
      },
      Object {
        "@type": "article",
        "dateCreated": "2016-11-07T08:16:20.000Z",
        "headline": "Kyrgyzstanda soz erkindigi buzuluuda",
        "name": "Kyrgyzstanda soz erkindigi buzuluuda",
        "url": "https://www.bbc.com/kyrgyz/world-23089413",
      },
      Object {
        "@type": "article",
        "dateCreated": "2016-11-03T14:43:31.000Z",
        "headline": "Үй-бүлөдөгү зомбулуктан эң көп аялдар жабыркайт",
        "name": "Үй-бүлөдөгү зомбулуктан эң көп аялдар жабыркайт",
        "url": "https://www.bbc.com/kyrgyz/kyrgyzstan-23088783",
      },
      Object {
        "@type": "link",
        "dateCreated": "",
        "headline": "BBC News Russian",
        "name": "BBC News Russian",
        "url": "http://www.bbc.com/russian",
      },
      Object {
        "@type": "link",
        "dateCreated": "",
        "headline": "BBC Azeri",
        "name": "BBC Azeri",
        "url": "http://www.bbc.com/azeri",
      },
      Object {
        "@type": "link",
        "dateCreated": "",
        "headline": "BBC Uzbek",
        "name": "BBC Uzbek",
        "url": "http://www.bbc.com/uzbek",
      },
      Object {
        "@type": "link",
        "dateCreated": "",
        "headline": "BBC Turkish",
        "name": "BBC Turkish",
        "url": "http://www.bbc.com/turkce",
      },
      Object {
        "@type": "article",
        "dateCreated": "2016-11-07T08:16:20.000Z",
        "headline": "Kyrgyzstanda soz erkindigi buzuluuda",
        "name": "Kyrgyzstanda soz erkindigi buzuluuda",
        "url": "https://www.bbc.com/kyrgyz/world-23089413",
      },
      Object {
        "@type": "article",
        "dateCreated": "2016-11-03T14:43:31.000Z",
        "headline": "Үй-бүлөдөгү зомбулуктан эң көп аялдар жабыркайт",
        "name": "Үй-бүлөдөгү зомбулуктан эң көп аялдар жабыркайт",
        "url": "https://www.bbc.com/kyrgyz/kyrgyzstan-23088783",
      },
      Object {
        "@type": "link",
        "dateCreated": "",
        "headline": "BBC News Russian",
        "name": "BBC News Russian",
        "url": "http://www.bbc.com/russian",
      },
      Object {
        "@type": "link",
        "dateCreated": "",
        "headline": "BBC Azeri",
        "name": "BBC Azeri",
        "url": "http://www.bbc.com/azeri",
      },
      Object {
        "@type": "link",
        "dateCreated": "",
        "headline": "BBC Uzbek",
        "name": "BBC Uzbek",
        "url": "http://www.bbc.com/uzbek",
      },
      Object {
        "@type": "link",
        "dateCreated": "",
        "headline": "BBC Turkish",
        "name": "BBC Turkish",
        "url": "http://www.bbc.com/turkce",
      },
      Object {
        "@type": "article",
        "dateCreated": "2016-11-07T08:16:20.000Z",
        "headline": "Kyrgyzstanda soz erkindigi buzuluuda",
        "name": "Kyrgyzstanda soz erkindigi buzuluuda",
        "url": "https://www.bbc.com/kyrgyz/world-23089413",
      },
      Object {
        "@type": "article",
        "dateCreated": "2016-11-03T14:43:31.000Z",
        "headline": "Үй-бүлөдөгү зомбулуктан эң көп аялдар жабыркайт",
        "name": "Үй-бүлөдөгү зомбулуктан эң көп аялдар жабыркайт",
        "url": "https://www.bbc.com/kyrgyz/kyrgyzstan-23088783",
      },
      Object {
        "@type": "link",
        "dateCreated": "",
        "headline": "BBC News Russian",
        "name": "BBC News Russian",
        "url": "http://www.bbc.com/russian",
      },
      Object {
        "@type": "link",
        "dateCreated": "",
        "headline": "BBC Azeri",
        "name": "BBC Azeri",
        "url": "http://www.bbc.com/azeri",
      },
      Object {
        "@type": "link",
        "dateCreated": "",
        "headline": "BBC Uzbek",
        "name": "BBC Uzbek",
        "url": "http://www.bbc.com/uzbek",
      },
      Object {
        "@type": "link",
        "dateCreated": "",
        "headline": "BBC Turkish",
        "name": "BBC Turkish",
        "url": "http://www.bbc.com/turkce",
      },
      Object {
        "@type": "article",
        "dateCreated": "2016-11-07T08:16:20.000Z",
        "headline": "Kyrgyzstanda soz erkindigi buzuluuda",
        "name": "Kyrgyzstanda soz erkindigi buzuluuda",
        "url": "https://www.bbc.com/kyrgyz/world-23089413",
      },
      Object {
        "@type": "article",
        "dateCreated": "2016-11-03T14:43:31.000Z",
        "headline": "Үй-бүлөдөгү зомбулуктан эң көп аялдар жабыркайт",
        "name": "Үй-бүлөдөгү зомбулуктан эң көп аялдар жабыркайт",
        "url": "https://www.bbc.com/kyrgyz/kyrgyzstan-23088783",
      },
    ],
  },
]
`;
