// Jest Snapshot v1, https://goo.gl/fbAQLP

exports[`Canonical Articles A11y I can see the skip to content link 1`] = `"Waka go wetin de inside"`;

exports[`Canonical Articles Analytics ATI 1`] = `"<img height=\\"1px\\" width=\\"1px\\" alt=\\"\\" style=\\"position:absolute\\" src=\\"https://logws1363.ati-host.net?s=598343&amp;s2=70&amp;p=news::pidgin.news.story.51745682.page&amp;x1=[urn:bbc:cps:53870d86-88c5-6f4d-a260-f97c68606458]&amp;x2=[responsive]&amp;x3=[news-pidgin]&amp;x4=[pcm]&amp;x7=[article]&amp;x8=[simorgh-nojs]&amp;x9=[Adams+Oshiomhole+say+&#x27;I+still+be+APC+National+Chairman&#x27;+-+BBC+News+Pidgin]&amp;x11=[2020-03-04T18:58:43.000Z]&amp;x12=[2020-03-04T19:27:57.000Z]&amp;x14=[3d5d5e30-dd50-4041-96d5-c970b20005b9~7d65828a-85c1-41f4-96cf-c758da75e401]&amp;x16=[WS%20-%20Keep%20me%20on%20trend~WS%20-%20Update%20me]&amp;x17=[News]\\"/>"`;

exports[`Canonical Articles Footer I can click on the BBC branding and it would take me to the homepage 1`] = `"/pidgin"`;

exports[`Canonical Articles Footer I can see the footer copyright and external linking text 1`] = `"Â© 2020 BBC. De external site no concern BBC. De way wey we de take go external link."`;

exports[`Canonical Articles Footer Link should match text and url 1`] = `
Object {
  "text": "BBC News, Pidgin",
  "url": "/pidgin",
}
`;

exports[`Canonical Articles Footer Link should match text and url 2`] = `
Object {
  "text": "Why you fit trust BBC News",
  "url": "https://www.bbc.com/pidgin/institutional-48528766",
}
`;

exports[`Canonical Articles Footer Link should match text and url 3`] = `
Object {
  "text": "How dem dey take use am",
  "url": "https://www.bbc.co.uk/usingthebbc/terms/",
}
`;

exports[`Canonical Articles Footer Link should match text and url 4`] = `
Object {
  "text": "As e concern BBC",
  "url": "https://www.bbc.co.uk/aboutthebbc",
}
`;

exports[`Canonical Articles Footer Link should match text and url 5`] = `
Object {
  "text": "Privacy Policy",
  "url": "https://www.bbc.co.uk/usingthebbc/privacy/",
}
`;

exports[`Canonical Articles Footer Link should match text and url 6`] = `
Object {
  "text": "Cookies",
  "url": "https://www.bbc.co.uk/usingthebbc/cookies/",
}
`;

exports[`Canonical Articles Footer Link should match text and url 7`] = `
Object {
  "text": "Call BBC",
  "url": "https://www.bbc.com/pidgin/institutional-42188215",
}
`;

exports[`Canonical Articles Footer Link should match text and url 8`] = `
Object {
  "text": "AdChoices / Do Not Sell My Info",
  "url": "https://www.bbc.com/usingthebbc/cookies/how-can-i-change-my-bbc-cookie-settings/",
}
`;

exports[`Canonical Articles Footer Link should match text and url 9`] = `
Object {
  "text": "De way wey we de take go external link.",
  "url": "https://www.bbc.co.uk/help/web/links/",
}
`;

exports[`Canonical Articles Header I can see the branding 1`] = `"BBC News, Pidgin"`;

exports[`Canonical Articles Header Navigation link should match text and url 1`] = `
Object {
  "text": "Home",
  "url": "/pidgin",
}
`;

exports[`Canonical Articles Header Navigation link should match text and url 2`] = `
Object {
  "text": "Nigeria",
  "url": "/pidgin/topics/3d5d5e30-dd50-4041-96d5-c970b20005b9",
}
`;

exports[`Canonical Articles Header Navigation link should match text and url 3`] = `
Object {
  "text": "Africa",
  "url": "/pidgin/topics/d2c2ba68-f9ad-4185-a6d1-7f6437256735",
}
`;

exports[`Canonical Articles Header Navigation link should match text and url 4`] = `
Object {
  "text": "World",
  "url": "/pidgin/world",
}
`;

exports[`Canonical Articles Header Navigation link should match text and url 5`] = `
Object {
  "text": "Video",
  "url": "/pidgin/media/video",
}
`;

exports[`Canonical Articles Header Navigation link should match text and url 6`] = `
Object {
  "text": "Sport",
  "url": "/pidgin/topics/4063f80f-cccc-44c8-9449-5ca44e4c8592",
}
`;

exports[`Canonical Articles Header Navigation link should match text and url 7`] = `
Object {
  "text": "Entertainment",
  "url": "/pidgin/topics/1c3b60a9-14eb-484b-a750-9f5b1aeaac31",
}
`;

exports[`Canonical Articles Header Navigation link should match text and url 8`] = `
Object {
  "text": "Most popular",
  "url": "/pidgin/popular/read",
}
`;

exports[`Canonical Articles I can see an image with a caption 1`] = `"https://ichef.bbci.co.uk/news/640/cpsprodpb/1317C/production/_111140287_oshiobaba.jpg"`;

exports[`Canonical Articles I can see an image with a caption 2`] = `"Wetin we call dis foto, APC Chairman Adams Oshiomhole don be Govnor of Edo State before"`;

exports[`Canonical Articles SEO Apple Touch Icon should match attributes 1`] = `
Object {
  "sizes": null,
  "url": "http://localhost:7080/pidgin/images/icons/icon-192x192.png",
}
`;

exports[`Canonical Articles SEO Apple Touch Icon should match attributes 2`] = `
Object {
  "sizes": "72x72",
  "url": "https://news.files.bbci.co.uk/include/articles/public/pidgin/images/icons/icon-72x72.png",
}
`;

exports[`Canonical Articles SEO Apple Touch Icon should match attributes 3`] = `
Object {
  "sizes": "96x96",
  "url": "https://news.files.bbci.co.uk/include/articles/public/pidgin/images/icons/icon-96x96.png",
}
`;

exports[`Canonical Articles SEO Apple Touch Icon should match attributes 4`] = `
Object {
  "sizes": "128x128",
  "url": "https://news.files.bbci.co.uk/include/articles/public/pidgin/images/icons/icon-128x128.png",
}
`;

exports[`Canonical Articles SEO Apple Touch Icon should match attributes 5`] = `
Object {
  "sizes": "144x144",
  "url": "https://news.files.bbci.co.uk/include/articles/public/pidgin/images/icons/icon-144x144.png",
}
`;

exports[`Canonical Articles SEO Apple Touch Icon should match attributes 6`] = `
Object {
  "sizes": "152x152",
  "url": "https://news.files.bbci.co.uk/include/articles/public/pidgin/images/icons/icon-152x152.png",
}
`;

exports[`Canonical Articles SEO Apple Touch Icon should match attributes 7`] = `
Object {
  "sizes": "192x192",
  "url": "https://news.files.bbci.co.uk/include/articles/public/pidgin/images/icons/icon-192x192.png",
}
`;

exports[`Canonical Articles SEO Apple Touch Icon should match attributes 8`] = `
Object {
  "sizes": "384x384",
  "url": "https://news.files.bbci.co.uk/include/articles/public/pidgin/images/icons/icon-384x384.png",
}
`;

exports[`Canonical Articles SEO Apple Touch Icon should match attributes 9`] = `
Object {
  "sizes": "512x512",
  "url": "https://news.files.bbci.co.uk/include/articles/public/pidgin/images/icons/icon-512x512.png",
}
`;

exports[`Canonical Articles SEO Canonical link 1`] = `"http://localhost:7080/pidgin/tori-51745682"`;

exports[`Canonical Articles SEO Dir attribute 1`] = `"ltr"`;

exports[`Canonical Articles SEO FB admins 1`] = `"100004154058350"`;

exports[`Canonical Articles SEO FB app ID 1`] = `"1609039196070050"`;

exports[`Canonical Articles SEO Heading level 1 1`] = `"Adams Oshiomhole say 'I still be APC National Chairman'"`;

exports[`Canonical Articles SEO Lang attribute 1`] = `"pcm"`;

exports[`Canonical Articles SEO Linked data should match text 1`] = `
Object {
  "@context": "http://schema.org",
  "@graph": Array [
    Object {
      "@type": "ReportageNewsArticle",
      "about": Array [
        Object {
          "@type": "Thing",
          "name": "Nigeria",
        },
        Object {
          "@type": "Thing",
          "name": "Nigeria politics",
          "sameAs": Array [
            "http://dbpedia.org/resource/Politics_of_Nigeria",
          ],
        },
      ],
      "author": Object {
        "@type": "NewsMediaOrganization",
        "logo": Object {
          "@type": "ImageObject",
          "height": 576,
          "url": "https://news.files.bbci.co.uk/ws/img/logos/og/pidgin.png",
          "width": 1024,
        },
        "name": "BBC News Pidgin",
        "noBylinesPolicy": "https://www.bbc.com/pidgin/institutional-48528766#authorexpertise",
      },
      "dateModified": "2020-03-04T19:27:57.000Z",
      "datePublished": "2020-03-04T18:58:43.000Z",
      "description": "Oga Oshiomhole don cari di mata go Court of Appeal.",
      "headline": "Adams Oshiomhole say 'I still be APC National Chairman'",
      "image": Object {
        "@type": "ImageObject",
        "height": 576,
        "url": "https://news.files.bbci.co.uk/ws/img/logos/og/pidgin.png",
        "width": 1024,
      },
      "mainEntityOfPage": Object {
        "@id": "http://localhost:7080/pidgin/tori-51745682",
        "@type": "WebPage",
        "name": "Adams Oshiomhole say 'I still be APC National Chairman'",
      },
      "publisher": Object {
        "@type": "NewsMediaOrganization",
        "logo": Object {
          "@type": "ImageObject",
          "height": 576,
          "url": "https://news.files.bbci.co.uk/ws/img/logos/og/pidgin.png",
          "width": 1024,
        },
        "name": "BBC News Pidgin",
        "publishingPrinciples": "https://www.bbc.com/pidgin/institutional-48528766",
      },
      "thumbnailUrl": "https://news.files.bbci.co.uk/ws/img/logos/og/pidgin.png",
      "url": "http://localhost:7080/pidgin/tori-51745682",
    },
  ],
}
`;

exports[`Canonical Articles SEO OG description 1`] = `"Oga Oshiomhole don cari di mata go Court of Appeal."`;

exports[`Canonical Articles SEO OG image 1`] = `"http://ichef.test.bbci.co.uk/news/1024/branded_pidgin/747F/production/_111132892_4dfb65ac-5870-417e-8e26-4c234e4b1c19.jpg"`;

exports[`Canonical Articles SEO OG image alt 1`] = `"Adams Oshiomole"`;

exports[`Canonical Articles SEO OG locale 1`] = `"pcm"`;

exports[`Canonical Articles SEO OG site name 1`] = `"BBC News Pidgin"`;

exports[`Canonical Articles SEO OG title 1`] = `"Adams Oshiomhole say 'I still be APC National Chairman' - BBC News Pidgin"`;

exports[`Canonical Articles SEO OG type 1`] = `"article"`;

exports[`Canonical Articles SEO OG url 1`] = `"http://localhost:7080/pidgin/tori-51745682"`;

exports[`Canonical Articles SEO Page title 1`] = `"Adams Oshiomhole say 'I still be APC National Chairman' - BBC News Pidgin"`;

exports[`Canonical Articles SEO Robots meta tag 1`] = `"noodp,noydir"`;

exports[`Canonical Articles SEO Twitter card 1`] = `"summary_large_image"`;

exports[`Canonical Articles SEO Twitter creator 1`] = `"@BBCNews"`;

exports[`Canonical Articles SEO Twitter description 1`] = `"Oga Oshiomhole don cari di mata go Court of Appeal."`;

exports[`Canonical Articles SEO Twitter image alt 1`] = `"Adams Oshiomole"`;

exports[`Canonical Articles SEO Twitter image src 1`] = `"http://ichef.test.bbci.co.uk/news/1024/branded_pidgin/747F/production/_111132892_4dfb65ac-5870-417e-8e26-4c234e4b1c19.jpg"`;

exports[`Canonical Articles SEO Twitter site 1`] = `"@BBCNews"`;

exports[`Canonical Articles SEO Twitter title 1`] = `"Adams Oshiomhole say 'I still be APC National Chairman' - BBC News Pidgin"`;
