// Jest Snapshot v1, https://goo.gl/fbAQLP

exports[`Feature Idx Page snapshots should render a afrique feature idx page correctly 1`] = `
.c1 {
  font-size: 1.125rem;
  line-height: 1.5rem;
  font-family: Helmet,Freesans,Helvetica,Arial,sans-serif;
  font-weight: 400;
  font-style: normal;
  color: #6E6E73;
  margin: 0;
  padding-bottom: 1.5rem;
}

.c0 {
  margin: 0 0.5rem;
  padding-top: 0.5rem;
  padding-bottom: 2rem;
}

@media (min-width:20rem) and (max-width:37.4375rem) {
  .c1 {
    font-size: 1.25rem;
    line-height: 1.625rem;
  }
}

@media (min-width:37.5rem) {
  .c1 {
    font-size: 1.5rem;
    line-height: 2rem;
  }
}

@media (min-width:37.5rem) and (max-width:62.9375rem) {
  .c1 {
    padding: 1.5rem 0 0.5rem;
  }
}

@media (min-width:63rem) {
  .c1 {
    padding: 1.5rem 0 0;
  }
}

@media (min-width:80rem) {
  .c1 {
    width: 100%;
    margin: 0 auto;
    max-width: 80rem;
  }
}

@media (min-width:25rem) {
  .c0 {
    margin: 0 1rem;
  }
}

@media (min-width:25rem) {
  .c0 {
    padding-top: 1rem;
  }
}

@media (max-width:37.4375rem) {
  .c0 {
    padding-bottom: 1.5rem;
  }
}

@media (min-width:37.5rem) {
  .c0 {
    padding-top: 0;
  }
}

@media (min-width:63rem) {
  .c0 {
    padding-bottom: 2.5rem;
  }
}

<div>
  <div
    id="ContextsContainer"
  >
    <div
      id="PageWrapperContainer"
    >
      <div
        id="LoadingContainer"
      >
        <div
          id="ErrorContainer"
        >
          <div
            id="DataContainer"
          >
            <div>
              chartbeat
            </div>
            <main
              role="main"
            >
              <div
                class="c0"
              >
                <h1
                  class="c1"
                  dir="ltr"
                  id="content"
                  tabindex="-1"
                >
                  Tout savoir sur la CAN 2019
                </h1>
              </div>
            </main>
          </div>
        </div>
      </div>
    </div>
  </div>
</div>
`;
