// Jest Snapshot v1, https://goo.gl/fbAQLP

exports[`ProgramCard should render correctly for live 1`] = `<div />`;

exports[`ProgramCard should render correctly for next 1`] = `<div />`;

exports[`ProgramCard should render correctly for onDemand 1`] = `<div />`;

exports[`ProgramCard should render correctly in RTL 1`] = `<div />`;

exports[`ProgramCard should render correctly without summary 1`] = `<div />`;
