// Jest Snapshot v1, https://goo.gl/fbAQLP

exports[`Most Read Page Main should match snapshot for most read page 1`] = `
<div>
  <noscript />
  <div>
    chartbeat
  </div>
  <main
    data-e2e="most-read"
    role="main"
  >
    <div
      class="css-195slon-IndexPageContainer emotion-97"
    >
      <h1
        class="css-10a1bf8-HeadingIndex-StyledIndexHeading emotion-0"
        dir="ltr"
        id="content"
        tabindex="-1"
      >
        De one we dem de read well well
      </h1>
      <div
        class="css-1v0dpl6-MarginWrapper emotion-96"
      >
        <div
          class="emotion-94 css-g9zqnx-GridComponent-GelPageGrid emotion-9"
          dir="ltr"
        >
          <div
            class="css-12vaout-GridComponent emotion-9"
            dir="ltr"
          >
            <ol
              class="emotion-91 css-1xqj6py-GridComponent-OneColumnGrid emotion-9"
              dir="ltr"
              role="list"
            >
              <li
                class="emotion-8 css-144eczd-GridComponent-StyledGrid emotion-9"
                dir="ltr"
                role="listitem"
              >
                <div
                  class="css-u7e1hf-ItemWrapper emotion-7"
                >
                  <div
                    class="css-b35vh8-OneColumnWrapper emotion-2"
                    dir="ltr"
                  >
                    <span
                      class="css-4v2w16-StyledSpan emotion-1"
                    >
                      1
                    </span>
                  </div>
                  <div
                    class="css-1y5c4e1-StyledItem emotion-6"
                    dir="ltr"
                  >
                    <a
                      class="css-am0g2e-StyledLink emotion-3"
                      href="/pidgin/tori-46729879"
                    >
                      Public Holidays wey go happun for 2019
                    </a>
                    <div
                      class="css-1v2l371-TimestampWrapper emotion-5"
                    >
                      <time
                        class="css-1s2kt38-StyledTimestamp emotion-4"
                        datetime="2019-05-21"
                      >
                        De one we dem update for: 21st May 2019
                      </time>
                    </div>
                  </div>
                </div>
              </li>
              <li
                class="emotion-8 css-144eczd-GridComponent-StyledGrid emotion-9"
                dir="ltr"
                role="listitem"
              >
                <div
                  class="css-u7e1hf-ItemWrapper emotion-7"
                >
                  <div
                    class="css-b35vh8-OneColumnWrapper emotion-2"
                    dir="ltr"
                  >
                    <span
                      class="css-4v2w16-StyledSpan emotion-1"
                    >
                      2
                    </span>
                  </div>
                  <div
                    class="css-1y5c4e1-StyledItem emotion-6"
                    dir="ltr"
                  >
                    <a
                      class="css-am0g2e-StyledLink emotion-3"
                      href="/pidgin/tori-50304653"
                    >
                      Liberia banks don run out of money
                    </a>
                    <div
                      class="css-1v2l371-TimestampWrapper emotion-5"
                    >
                      <time
                        class="css-1s2kt38-StyledTimestamp emotion-4"
                        datetime="2019-11-05"
                      >
                        De one we dem update for: 5th November 2019
                      </time>
                    </div>
                  </div>
                </div>
              </li>
              <li
                class="emotion-8 css-144eczd-GridComponent-StyledGrid emotion-9"
                dir="ltr"
                role="listitem"
              >
                <div
                  class="css-u7e1hf-ItemWrapper emotion-7"
                >
                  <div
                    class="css-b35vh8-OneColumnWrapper emotion-2"
                    dir="ltr"
                  >
                    <span
                      class="css-4v2w16-StyledSpan emotion-1"
                    >
                      3
                    </span>
                  </div>
                  <div
                    class="css-1y5c4e1-StyledItem emotion-6"
                    dir="ltr"
                  >
                    <a
                      class="css-am0g2e-StyledLink emotion-3"
                      href="/pidgin/tori-50298882"
                    >
                      Why Oscars disqualify Genevieve Nnaji 'Lionheart' film
                    </a>
                    <div
                      class="css-1v2l371-TimestampWrapper emotion-5"
                    >
                      <time
                        class="css-1s2kt38-StyledTimestamp emotion-4"
                        datetime="2019-11-05"
                      >
                        De one we dem update for: 5th November 2019
                      </time>
                    </div>
                  </div>
                </div>
              </li>
              <li
                class="emotion-8 css-144eczd-GridComponent-StyledGrid emotion-9"
                dir="ltr"
                role="listitem"
              >
                <div
                  class="css-u7e1hf-ItemWrapper emotion-7"
                >
                  <div
                    class="css-b35vh8-OneColumnWrapper emotion-2"
                    dir="ltr"
                  >
                    <span
                      class="css-4v2w16-StyledSpan emotion-1"
                    >
                      4
                    </span>
                  </div>
                  <div
                    class="css-1y5c4e1-StyledItem emotion-6"
                    dir="ltr"
                  >
                    <a
                      class="css-am0g2e-StyledLink emotion-3"
                      href="/pidgin/tori-50315150"
                    >
                      Ghana opposition NDC list 51 family and friends inside Akufo-Addo govment
                    </a>
                    <div
                      class="css-1v2l371-TimestampWrapper emotion-5"
                    >
                      <time
                        class="css-1s2kt38-StyledTimestamp emotion-4"
                        datetime="2019-11-06"
                      >
                        De one we dem update for: 6th November 2019
                      </time>
                    </div>
                  </div>
                </div>
              </li>
              <li
                class="emotion-8 css-144eczd-GridComponent-StyledGrid emotion-9"
                dir="ltr"
                role="listitem"
              >
                <div
                  class="css-u7e1hf-ItemWrapper emotion-7"
                >
                  <div
                    class="css-b35vh8-OneColumnWrapper emotion-2"
                    dir="ltr"
                  >
                    <span
                      class="css-4v2w16-StyledSpan emotion-1"
                    >
                      5
                    </span>
                  </div>
                  <div
                    class="css-1y5c4e1-StyledItem emotion-6"
                    dir="ltr"
                  >
                    <a
                      class="css-am0g2e-StyledLink emotion-3"
                      href="/pidgin/tori-50315157"
                    >
                      How Balogun market fire kill Policeman for Lagos
                    </a>
                    <div
                      class="css-1v2l371-TimestampWrapper emotion-5"
                    >
                      <time
                        class="css-1s2kt38-StyledTimestamp emotion-4"
                        datetime="2019-11-06"
                      >
                        De one we dem update for: 6th November 2019
                      </time>
                    </div>
                  </div>
                </div>
              </li>
              <li
                class="emotion-8 css-144eczd-GridComponent-StyledGrid emotion-9"
                dir="ltr"
                role="listitem"
              >
                <div
                  class="css-u7e1hf-ItemWrapper emotion-7"
                >
                  <div
                    class="css-b35vh8-OneColumnWrapper emotion-2"
                    dir="ltr"
                  >
                    <span
                      class="css-4v2w16-StyledSpan emotion-1"
                    >
                      6
                    </span>
                  </div>
                  <div
                    class="css-1y5c4e1-StyledItem emotion-6"
                    dir="ltr"
                  >
                    <a
                      class="css-am0g2e-StyledLink emotion-3"
                      href="/pidgin/tori-50093818"
                    >
                      Labour, FG finally agree minimum wage salary adjustment
                    </a>
                    <div
                      class="css-1v2l371-TimestampWrapper emotion-5"
                    >
                      <time
                        class="css-1s2kt38-StyledTimestamp emotion-4"
                        datetime="2019-10-18"
                      >
                        De one we dem update for: 18th October 2019
                      </time>
                    </div>
                  </div>
                </div>
              </li>
              <li
                class="emotion-8 css-144eczd-GridComponent-StyledGrid emotion-9"
                dir="ltr"
                role="listitem"
              >
                <div
                  class="css-u7e1hf-ItemWrapper emotion-7"
                >
                  <div
                    class="css-b35vh8-OneColumnWrapper emotion-2"
                    dir="ltr"
                  >
                    <span
                      class="css-4v2w16-StyledSpan emotion-1"
                    >
                      7
                    </span>
                  </div>
                  <div
                    class="css-1y5c4e1-StyledItem emotion-6"
                    dir="ltr"
                  >
                    <a
                      class="css-am0g2e-StyledLink emotion-3"
                      href="/pidgin/tori-50187218"
                    >
                      Naira Marley na 'Bad Influence'?
                    </a>
                    <div
                      class="css-1v2l371-TimestampWrapper emotion-5"
                    >
                      <time
                        class="css-1s2kt38-StyledTimestamp emotion-4"
                        datetime="2019-10-25"
                      >
                        De one we dem update for: 25th October 2019
                      </time>
                    </div>
                  </div>
                </div>
              </li>
              <li
                class="emotion-8 css-144eczd-GridComponent-StyledGrid emotion-9"
                dir="ltr"
                role="listitem"
              >
                <div
                  class="css-u7e1hf-ItemWrapper emotion-7"
                >
                  <div
                    class="css-b35vh8-OneColumnWrapper emotion-2"
                    dir="ltr"
                  >
                    <span
                      class="css-4v2w16-StyledSpan emotion-1"
                    >
                      8
                    </span>
                  </div>
                  <div
                    class="css-1y5c4e1-StyledItem emotion-6"
                    dir="ltr"
                  >
                    <a
                      class="css-am0g2e-StyledLink emotion-3"
                      href="/pidgin/tori-48347911"
                    >
                      Tins you suppose know about Naira Marley
                    </a>
                    <div
                      class="css-1v2l371-TimestampWrapper emotion-5"
                    >
                      <time
                        class="css-1s2kt38-StyledTimestamp emotion-4"
                        datetime="2019-05-23"
                      >
                        De one we dem update for: 23rd May 2019
                      </time>
                    </div>
                  </div>
                </div>
              </li>
              <li
                class="emotion-8 css-144eczd-GridComponent-StyledGrid emotion-9"
                dir="ltr"
                role="listitem"
              >
                <div
                  class="css-u7e1hf-ItemWrapper emotion-7"
                >
                  <div
                    class="css-b35vh8-OneColumnWrapper emotion-2"
                    dir="ltr"
                  >
                    <span
                      class="css-4v2w16-StyledSpan emotion-1"
                    >
                      9
                    </span>
                  </div>
                  <div
                    class="css-1y5c4e1-StyledItem emotion-6"
                    dir="ltr"
                  >
                    <a
                      class="css-am0g2e-StyledLink emotion-3"
                      href="/pidgin/sport-50312710"
                    >
                      Golden Eaglets crash out of Fifa U17 World Cup
                    </a>
                    <div
                      class="css-1v2l371-TimestampWrapper emotion-5"
                    >
                      <time
                        class="css-1s2kt38-StyledTimestamp emotion-4"
                        datetime="2019-11-06"
                      >
                        De one we dem update for: 6th November 2019
                      </time>
                    </div>
                  </div>
                </div>
              </li>
              <li
                class="emotion-8 css-144eczd-GridComponent-StyledGrid emotion-9"
                dir="ltr"
                role="listitem"
              >
                <div
                  class="css-u7e1hf-ItemWrapper emotion-7"
                >
                  <div
                    class="css-b35vh8-OneColumnWrapper emotion-2"
                    dir="ltr"
                  >
                    <span
                      class="css-4v2w16-StyledSpan emotion-1"
                    >
                      10
                    </span>
                  </div>
                  <div
                    class="css-1y5c4e1-StyledItem emotion-6"
                    dir="ltr"
                  >
                    <a
                      class="css-am0g2e-StyledLink emotion-3"
                      href="/pidgin/tori-42945173"
                    >
                      Tiger nut drink fit wake up your sex drive - Nutritionist
                    </a>
                    <div
                      class="css-1v2l371-TimestampWrapper emotion-5"
                    >
                      <time
                        class="css-1s2kt38-StyledTimestamp emotion-4"
                        datetime="2019-05-21"
                      >
                        De one we dem update for: 21st May 2019
                      </time>
                    </div>
                  </div>
                </div>
              </li>
            </ol>
          </div>
        </div>
      </div>
    </div>
  </main>
</div>
`;
