// Jest Snapshot v1, https://goo.gl/fbAQLP

exports[`Canonical Articles A11y I can see the skip to content link 1`] = `"Skip to content"`;

exports[`Canonical Articles Analytics ATI 1`] = `"<img height=\\"1px\\" width=\\"1px\\" alt=\\"\\" style=\\"position:absolute\\" src=\\"https://logws1363.ati-host.net?s=598274&amp;s2=79&amp;p=scotland.articles.czwj5l0n210o.page&amp;x1=[urn%3Abbc%3Aoptimo%3Aasset%3Aczwj5l0n210o]&amp;x2=[responsive]&amp;x3=[scotland]&amp;x4=[en-gb]&amp;x7=[article]&amp;x8=[simorgh-nojs]&amp;x9=[This%2Bis%2Bthe%2BSEO%2Bheadline%2Bof%2Bthis%2Btest%2Barticle]&amp;x11=[2019-09-13T12%3A36%3A29.124Z]&amp;x12=[2019-09-13T12%3A36%3A29.124Z]\\"/>"`;

exports[`Canonical Articles Footer Anchors should match text and url 1`] = `
Object {
  "text": "BBC Scotland",
  "url": "/scotland",
}
`;

exports[`Canonical Articles Footer Anchors should match text and url 2`] = `
Object {
  "text": "Terms of Use",
  "url": "https://www.bbc.com/terms",
}
`;

exports[`Canonical Articles Footer Anchors should match text and url 3`] = `
Object {
  "text": "About the BBC",
  "url": "https://www.bbc.co.uk/aboutthebbc/",
}
`;

exports[`Canonical Articles Footer Anchors should match text and url 4`] = `
Object {
  "text": "Privacy Policy",
  "url": "https://www.bbc.com/privacy/",
}
`;

exports[`Canonical Articles Footer Anchors should match text and url 5`] = `
Object {
  "text": "Cookies",
  "url": "https://www.bbc.com/usingthebbc/cookies/",
}
`;

exports[`Canonical Articles Footer Anchors should match text and url 6`] = `
Object {
  "text": "Accessibility Help",
  "url": "https://www.bbc.com/accessibility/",
}
`;

exports[`Canonical Articles Footer Anchors should match text and url 7`] = `
Object {
  "text": "Contact the BBC",
  "url": "https://www.bbc.com/contact/",
}
`;

exports[`Canonical Articles Footer Anchors should match text and url 8`] = `
Object {
  "text": "AdChoices / Do Not Sell My Info",
  "url": "https://www.bbc.com/usingthebbc/cookies/how-does-the-bbc-use-cookies-for-advertising/",
}
`;

exports[`Canonical Articles Footer Anchors should match text and url 9`] = `
Object {
  "text": "Read about our approach to external linking.",
  "url": "https://www.bbc.co.uk/editorialguidelines/guidance/feeds-and-links",
}
`;

exports[`Canonical Articles Footer I can click on the BBC branding and it would take me to the homepage 1`] = `"/scotland"`;

exports[`Canonical Articles Footer I can see the footer copyright and external linking text 1`] = `"Â© 2023 BBC. The BBC is not responsible for the content of external sites. Read about our approach to external linking."`;

exports[`Canonical Articles Header I can see the branding 1`] = `"BBC Scotland"`;

exports[`Canonical Articles Image Caption should match text 1`] = `"Image caption, This test image, copyright BBC, shows a map of France.  The image is in the first three blocks and has this caption."`;

exports[`Canonical Articles Image should match snapshot 1`] = `null`;

exports[`Canonical Articles Main heading should match text 1`] = `"Internal server error"`;

exports[`Canonical Articles SEO Canonical link 1`] = `"http://localhost:7080/scotland/articles/czwj5l0n210o"`;

exports[`Canonical Articles SEO Dir attribute 1`] = `"ltr"`;

exports[`Canonical Articles SEO FB app ID 1`] = `"1609039196070050"`;

exports[`Canonical Articles SEO Heading level 1 1`] = `"Internal server error"`;

exports[`Canonical Articles SEO Lang attribute 1`] = `"en-GB"`;

exports[`Canonical Articles SEO OG description 1`] = `"This is the SEO headline of this test article"`;

exports[`Canonical Articles SEO OG image 1`] = `"https://news.files.bbci.co.uk/include/articles/public/scotland/images/metadata/poster-1024x576.png"`;

exports[`Canonical Articles SEO OG image alt 1`] = `"BBC Scotland"`;

exports[`Canonical Articles SEO OG locale 1`] = `"en_GB"`;

exports[`Canonical Articles SEO OG site name 1`] = `"BBC Scotland"`;

exports[`Canonical Articles SEO OG title 1`] = `"This is the SEO headline of this test article - BBC Scotland"`;

exports[`Canonical Articles SEO OG type 1`] = `"article"`;

exports[`Canonical Articles SEO OG url 1`] = `"http://localhost:7080/scotland/articles/czwj5l0n210o"`;

exports[`Canonical Articles SEO Page title 1`] = `"Internal server error - BBC Scotland"`;

exports[`Canonical Articles SEO Robots meta tag 1`] = `"noindex,nofollow"`;

exports[`Canonical Articles SEO Twitter card 1`] = `"summary_large_image"`;

exports[`Canonical Articles SEO Twitter creator 1`] = `"@BBCScotland"`;

exports[`Canonical Articles SEO Twitter description 1`] = `"Internal server error"`;

exports[`Canonical Articles SEO Twitter image alt 1`] = `"BBC Scotland"`;

exports[`Canonical Articles SEO Twitter image src 1`] = `"https://news.files.bbci.co.uk/include/articles/public/scotland/images/metadata/poster-1024x576.png"`;

exports[`Canonical Articles SEO Twitter site 1`] = `"@BBCScotland"`;

exports[`Canonical Articles SEO Twitter title 1`] = `"Internal server error - BBC Scotland"`;
