// Jest Snapshot v1, https://goo.gl/fbAQLP

exports[`withLoading HOC and no loading prop should return the passed in component 1`] = `
<div>
  <h1>
    Hola
  </h1>
</div>
`;

exports[`withLoading HOC and the loading prop set to true should return the loading component 1`] = `
.emotion-4 {
  min-height: 100vh;
}

.emotion-2 {
  margin: 0 auto;
  padding-bottom: 2rem;
}

@media (max-width:37.4375rem) {
  .emotion-2 {
    grid-column-gap: 0.5rem;
  }
}

@media (min-width:37.5rem) {
  .emotion-2 {
    grid-column-gap: 1rem;
  }
}

@media (max-width:62.9375rem) {
  .emotion-2 {
    grid-template-columns: repeat(6,1fr);
  }
}

@media (min-width:63rem) and (max-width:79.9375rem) {
  .emotion-2 {
    grid-template-columns: 1fr repeat(8,minmax(0,6.75rem)) 1fr;
    max-width: 45.5rem;
  }
}

@media (min-width:80rem) {
  .emotion-2 {
    grid-template-columns: 1fr repeat(20,minmax(0,2.95rem)) 1fr;
    max-width: 46.4rem;
  }
}

@supports (display:grid) {
  .emotion-2 {
    display: grid;
    max-width: initial;
    margin: initial;
  }
}

.emotion-0 {
  grid-column: 1 / span 6;
}

@media (max-width:25rem) {
  .emotion-0 {
    padding: 0 0.5rem;
  }
}

@media (min-width:25rem) and (max-width:62.9375rem) {
  .emotion-0 {
    padding: 0 1rem;
  }
}

@media (min-width:37.5rem) {
  .emotion-0 {
    grid-column: 1 / span 5;
    max-width: 83.33%;
  }
}

@media (min-width:63rem) and (max-width:79.9375rem) {
  .emotion-0 {
    grid-column: 3 / span 5;
    max-width: 37.75rem;
  }
}

@media (min-width:80rem) {
  .emotion-0 {
    grid-column: 6 / span 10;
    max-width: 38.5rem;
  }
}

@supports (display:grid) {
  .emotion-0 {
    max-width: initial;
  }
}

<div>
  <main
    class="emotion-4 emotion-5"
    role="main"
  >
    <div
      class="emotion-2 emotion-3"
    >
      <div
        class="emotion-0 emotion-1"
      />
    </div>
  </main>
</div>
`;
