// Jest Snapshot v1, https://goo.gl/fbAQLP

exports[`Canonical On Demand Radio Page Expired Episode I can see the 'Content is not available' placeholder 1`] = `"دغه فایل نور د لاسرسي وړ نه دی."`;

exports[`Canonical On Demand Radio Page Expired Episode I can see the brand title 1`] = `"وروستي خبرونه"`;

exports[`Canonical On Demand Radio Page Expired Episode I can see the episode summary 1`] = `"د نړۍ وروستي خبرونه"`;

exports[`Canonical On Demand Radio Page Expired Episode I can see the episode title 1`] = `"۴ فبروري ۲۰۲۰"`;

exports[`Canonical On Demand Radio Page Expired Episode I can see the hero image 1`] = `"https://ichef.bbci.co.uk/images/ic/128x128/p08b23c8.png"`;

exports[`Canonical On Demand Radio Page Expired Episode a11y Assistive technology reads the brand and episode title as the headline 1`] = `"وروستي خبرونه, ۴ فبروري ۲۰۲۰"`;
