// Jest Snapshot v1, https://goo.gl/fbAQLP

exports[`regex.const AMP_REGEX should match snapshot 1`] = `/\\\\\\.amp\\$/`;

exports[`regex.const TLD_REGEX should match snapshot 1`] = `/\\(\\\\\\.com\\|\\\\\\.co\\\\\\.uk\\)/g`;

exports[`regex.const default should match snapshot 1`] = `
Object {
  "AMP_REGEX": /\\\\\\.amp\\$/,
  "TLD_REGEX": /\\(\\\\\\.com\\|\\\\\\.co\\\\\\.uk\\)/g,
}
`;
