// Jest Snapshot v1, https://goo.gl/fbAQLP

exports[`RadioSchedule should render ltr radio schedules correctly 1`] = `<div />`;

exports[`RadioSchedule should render rtl radio schedules correctly 1`] = `<div />`;
